current directory: G:/GithubBlog/kanji-jp/vendor/bundle/ruby/3.1.0/gems/bigdecimal-3.3.1/ext/bigdecimal
C:/Ruby31/bin/ruby.exe -I C:/Ruby31/lib/ruby/3.1.0 -r ./siteconf20251010-8084-d6efmp.rb extconf.rb
checking for __builtin_clz()... yes
checking for __builtin_clzl()... yes
checking for __builtin_clzll()... yes
checking for float.h... yes
checking for math.h... yes
checking for stdbool.h... yes
checking for stdlib.h... yes
checking for x86intrin.h... yes
checking for _lzcnt_u32() in x86intrin.h... no
checking for _lzcnt_u64() in x86intrin.h... no
checking for intrin.h... yes
checking for __lzcnt() in intrin.h... no
checking for __lzcnt64() in intrin.h... no
checking for _BitScanReverse() in intrin.h... yes
checking for _BitScanReverse64() in intrin.h... no
checking for ruby/atomic.h... yes
checking for ruby/internal/has/builtin.h... yes
checking for ruby/internal/static_assert.h... yes
checking for rb_complex_real() in ruby.h... yes
checking for rb_complex_imag() in ruby.h... yes
checking for rb_opts_exception_p() in ruby.h... yes
checking for rb_category_warn() in ruby.h... yes
checking for RB_WARN_CATEGORY_DEPRECATED in ruby.h... yes
creating Makefile

current directory: G:/GithubBlog/kanji-jp/vendor/bundle/ruby/3.1.0/gems/bigdecimal-3.3.1/ext/bigdecimal
make DESTDIR\= clean

current directory: G:/GithubBlog/kanji-jp/vendor/bundle/ruby/3.1.0/gems/bigdecimal-3.3.1/ext/bigdecimal
make DESTDIR\=
generating bigdecimal-i386-mingw32.def
compiling bigdecimal.c
compiling missing.c
linking shared-object bigdecimal.so

current directory: G:/GithubBlog/kanji-jp/vendor/bundle/ruby/3.1.0/gems/bigdecimal-3.3.1/ext/bigdecimal
make DESTDIR\= install
/usr/bin/install -c -m 0755 bigdecimal.so ./.gem.20251010-8084-zs6m07
