have_builtin_func: checking for __builtin_clz()... -------------------- yes

PATH=".;C:/Ruby31/lib;C:\Ruby31\bin;C:\Ruby31\msys32\mingw32\bin;C:\Ruby31\msys32\usr\bin;c:\program files\imagemagick-7.1.0-q16-hdri;c:\program files\nvidia gpu computing toolkit\cuda\v11.3\bin;c:\program files\nvidia gpu computing toolkit\cuda\v11.3\libnvvp;c:\program files\common files\oracle\java\javapath;c:\windows\system32;c:\windows;c:\windows\system32\wbem;c:\windows\system32\windowspowershell\v1.0\;c:\windows\system32\openssh\;c:\program files\bandizip\;c:\program files\git\cmd;c:\program files\nvidia corporation\nsight compute 2021.1.0\;c:\program files\matlab\r2022a\runtime\win64;c:\program files\matlab\r2022a\bin;c:\program files (x86)\gs\gs9.56.1\bin;c:\program files\dotnet\;c:\program files\mingw64\bin;c:\users\pyohy\appdata\local\programs\cursor\resources\app\bin;c:\program files\nvidia corporation\nvidia app\nvdlisr;C:\Program Files (x86)\NVIDIA Corporation\PhysX\Common;C:\python;C:\python\Scripts;G:\poppler-24.08.0;G:\poppler-24.08.0\Library\bin;C:\Program Files\Mullvad VPN\resources;C:\WINDOWS\system32;C:\WINDOWS;C:\WINDOWS\System32\Wbem;C:\WINDOWS\System32\WindowsPowerShell\v1.0\;C:\WINDOWS\System32\OpenSSH\;C:\python\Scripts\;C:\python\;C:\Ruby31\bin;C:\Users\pyohy\AppData\Local\Microsoft\WindowsApps;C:\Users\pyohy\AppData\Local\Programs\Microsoft VS Code\bin;C:\texlive\2022\bin\win32;C:\Users\pyohy\.dotnet\tools;C:\Users\pyohy\AppData\Local\Programs\cursor\resources\app\bin;" "gcc -o conftest.exe -IC:/Ruby31/include/ruby-3.1.0/i386-mingw32 -IC:/Ruby31/include/ruby-3.1.0/ruby/backward -IC:/Ruby31/include/ruby-3.1.0 -I. -D__USE_MINGW_ANSI_STDIO=1 -DFD_SETSIZE=2048 -D_WIN32_WINNT=0x0600 -D__MINGW_USE_VC2005_COMPAT -D_FILE_OFFSET_BITS=64  -O3 -fno-fast-math -fstack-protector-strong conftest.c  -L. -LC:/Ruby31/lib -L. -pipe -s -fstack-protector-strong -Wl,--no-as-needed     -lmsvcrt-ruby310  -lshell32 -lws2_32 -liphlpapi -limagehlp -lshlwapi -lbcrypt  "
checked program was:
/* begin */
1: #include "ruby.h"
2: 
3: #include <winsock2.h>
4: #include <windows.h>
5: int main(int argc, char **argv)
6: {
7:   return !!argv[argc];
8: }
/* end */

PATH=".;C:/Ruby31/lib;C:\Ruby31\bin;C:\Ruby31\msys32\mingw32\bin;C:\Ruby31\msys32\usr\bin;c:\program files\imagemagick-7.1.0-q16-hdri;c:\program files\nvidia gpu computing toolkit\cuda\v11.3\bin;c:\program files\nvidia gpu computing toolkit\cuda\v11.3\libnvvp;c:\program files\common files\oracle\java\javapath;c:\windows\system32;c:\windows;c:\windows\system32\wbem;c:\windows\system32\windowspowershell\v1.0\;c:\windows\system32\openssh\;c:\program files\bandizip\;c:\program files\git\cmd;c:\program files\nvidia corporation\nsight compute 2021.1.0\;c:\program files\matlab\r2022a\runtime\win64;c:\program files\matlab\r2022a\bin;c:\program files (x86)\gs\gs9.56.1\bin;c:\program files\dotnet\;c:\program files\mingw64\bin;c:\users\pyohy\appdata\local\programs\cursor\resources\app\bin;c:\program files\nvidia corporation\nvidia app\nvdlisr;C:\Program Files (x86)\NVIDIA Corporation\PhysX\Common;C:\python;C:\python\Scripts;G:\poppler-24.08.0;G:\poppler-24.08.0\Library\bin;C:\Program Files\Mullvad VPN\resources;C:\WINDOWS\system32;C:\WINDOWS;C:\WINDOWS\System32\Wbem;C:\WINDOWS\System32\WindowsPowerShell\v1.0\;C:\WINDOWS\System32\OpenSSH\;C:\python\Scripts\;C:\python\;C:\Ruby31\bin;C:\Users\pyohy\AppData\Local\Microsoft\WindowsApps;C:\Users\pyohy\AppData\Local\Programs\Microsoft VS Code\bin;C:\texlive\2022\bin\win32;C:\Users\pyohy\.dotnet\tools;C:\Users\pyohy\AppData\Local\Programs\cursor\resources\app\bin;" "gcc -IC:/Ruby31/include/ruby-3.1.0/i386-mingw32 -IC:/Ruby31/include/ruby-3.1.0/ruby/backward -IC:/Ruby31/include/ruby-3.1.0 -I. -D__USE_MINGW_ANSI_STDIO=1 -DFD_SETSIZE=2048 -D_WIN32_WINNT=0x0600 -D__MINGW_USE_VC2005_COMPAT -D_FILE_OFFSET_BITS=64  -O3 -fno-fast-math -fstack-protector-strong   -c conftest.c"
checked program was:
/* begin */
1: #include "ruby.h"
2: 
3: #include <winsock2.h>
4: #include <windows.h>
5: int foo;
6: int main() { __builtin_clz(0); return 0; }
/* end */

--------------------

have_builtin_func: checking for __builtin_clzl()... -------------------- yes

PATH=".;C:/Ruby31/lib;C:\Ruby31\bin;C:\Ruby31\msys32\mingw32\bin;C:\Ruby31\msys32\usr\bin;c:\program files\imagemagick-7.1.0-q16-hdri;c:\program files\nvidia gpu computing toolkit\cuda\v11.3\bin;c:\program files\nvidia gpu computing toolkit\cuda\v11.3\libnvvp;c:\program files\common files\oracle\java\javapath;c:\windows\system32;c:\windows;c:\windows\system32\wbem;c:\windows\system32\windowspowershell\v1.0\;c:\windows\system32\openssh\;c:\program files\bandizip\;c:\program files\git\cmd;c:\program files\nvidia corporation\nsight compute 2021.1.0\;c:\program files\matlab\r2022a\runtime\win64;c:\program files\matlab\r2022a\bin;c:\program files (x86)\gs\gs9.56.1\bin;c:\program files\dotnet\;c:\program files\mingw64\bin;c:\users\pyohy\appdata\local\programs\cursor\resources\app\bin;c:\program files\nvidia corporation\nvidia app\nvdlisr;C:\Program Files (x86)\NVIDIA Corporation\PhysX\Common;C:\python;C:\python\Scripts;G:\poppler-24.08.0;G:\poppler-24.08.0\Library\bin;C:\Program Files\Mullvad VPN\resources;C:\WINDOWS\system32;C:\WINDOWS;C:\WINDOWS\System32\Wbem;C:\WINDOWS\System32\WindowsPowerShell\v1.0\;C:\WINDOWS\System32\OpenSSH\;C:\python\Scripts\;C:\python\;C:\Ruby31\bin;C:\Users\pyohy\AppData\Local\Microsoft\WindowsApps;C:\Users\pyohy\AppData\Local\Programs\Microsoft VS Code\bin;C:\texlive\2022\bin\win32;C:\Users\pyohy\.dotnet\tools;C:\Users\pyohy\AppData\Local\Programs\cursor\resources\app\bin;" "gcc -IC:/Ruby31/include/ruby-3.1.0/i386-mingw32 -IC:/Ruby31/include/ruby-3.1.0/ruby/backward -IC:/Ruby31/include/ruby-3.1.0 -I. -D__USE_MINGW_ANSI_STDIO=1 -DFD_SETSIZE=2048 -D_WIN32_WINNT=0x0600 -D__MINGW_USE_VC2005_COMPAT -D_FILE_OFFSET_BITS=64  -O3 -fno-fast-math -fstack-protector-strong   -c conftest.c"
checked program was:
/* begin */
1: #include "ruby.h"
2: 
3: #include <winsock2.h>
4: #include <windows.h>
5: int foo;
6: int main() { __builtin_clzl(0); return 0; }
/* end */

--------------------

have_builtin_func: checking for __builtin_clzll()... -------------------- yes

PATH=".;C:/Ruby31/lib;C:\Ruby31\bin;C:\Ruby31\msys32\mingw32\bin;C:\Ruby31\msys32\usr\bin;c:\program files\imagemagick-7.1.0-q16-hdri;c:\program files\nvidia gpu computing toolkit\cuda\v11.3\bin;c:\program files\nvidia gpu computing toolkit\cuda\v11.3\libnvvp;c:\program files\common files\oracle\java\javapath;c:\windows\system32;c:\windows;c:\windows\system32\wbem;c:\windows\system32\windowspowershell\v1.0\;c:\windows\system32\openssh\;c:\program files\bandizip\;c:\program files\git\cmd;c:\program files\nvidia corporation\nsight compute 2021.1.0\;c:\program files\matlab\r2022a\runtime\win64;c:\program files\matlab\r2022a\bin;c:\program files (x86)\gs\gs9.56.1\bin;c:\program files\dotnet\;c:\program files\mingw64\bin;c:\users\pyohy\appdata\local\programs\cursor\resources\app\bin;c:\program files\nvidia corporation\nvidia app\nvdlisr;C:\Program Files (x86)\NVIDIA Corporation\PhysX\Common;C:\python;C:\python\Scripts;G:\poppler-24.08.0;G:\poppler-24.08.0\Library\bin;C:\Program Files\Mullvad VPN\resources;C:\WINDOWS\system32;C:\WINDOWS;C:\WINDOWS\System32\Wbem;C:\WINDOWS\System32\WindowsPowerShell\v1.0\;C:\WINDOWS\System32\OpenSSH\;C:\python\Scripts\;C:\python\;C:\Ruby31\bin;C:\Users\pyohy\AppData\Local\Microsoft\WindowsApps;C:\Users\pyohy\AppData\Local\Programs\Microsoft VS Code\bin;C:\texlive\2022\bin\win32;C:\Users\pyohy\.dotnet\tools;C:\Users\pyohy\AppData\Local\Programs\cursor\resources\app\bin;" "gcc -IC:/Ruby31/include/ruby-3.1.0/i386-mingw32 -IC:/Ruby31/include/ruby-3.1.0/ruby/backward -IC:/Ruby31/include/ruby-3.1.0 -I. -D__USE_MINGW_ANSI_STDIO=1 -DFD_SETSIZE=2048 -D_WIN32_WINNT=0x0600 -D__MINGW_USE_VC2005_COMPAT -D_FILE_OFFSET_BITS=64  -O3 -fno-fast-math -fstack-protector-strong   -c conftest.c"
checked program was:
/* begin */
1: #include "ruby.h"
2: 
3: #include <winsock2.h>
4: #include <windows.h>
5: int foo;
6: int main() { __builtin_clzll(0); return 0; }
/* end */

--------------------

have_header: checking for float.h... -------------------- yes

PATH=".;C:/Ruby31/lib;C:\Ruby31\bin;C:\Ruby31\msys32\mingw32\bin;C:\Ruby31\msys32\usr\bin;c:\program files\imagemagick-7.1.0-q16-hdri;c:\program files\nvidia gpu computing toolkit\cuda\v11.3\bin;c:\program files\nvidia gpu computing toolkit\cuda\v11.3\libnvvp;c:\program files\common files\oracle\java\javapath;c:\windows\system32;c:\windows;c:\windows\system32\wbem;c:\windows\system32\windowspowershell\v1.0\;c:\windows\system32\openssh\;c:\program files\bandizip\;c:\program files\git\cmd;c:\program files\nvidia corporation\nsight compute 2021.1.0\;c:\program files\matlab\r2022a\runtime\win64;c:\program files\matlab\r2022a\bin;c:\program files (x86)\gs\gs9.56.1\bin;c:\program files\dotnet\;c:\program files\mingw64\bin;c:\users\pyohy\appdata\local\programs\cursor\resources\app\bin;c:\program files\nvidia corporation\nvidia app\nvdlisr;C:\Program Files (x86)\NVIDIA Corporation\PhysX\Common;C:\python;C:\python\Scripts;G:\poppler-24.08.0;G:\poppler-24.08.0\Library\bin;C:\Program Files\Mullvad VPN\resources;C:\WINDOWS\system32;C:\WINDOWS;C:\WINDOWS\System32\Wbem;C:\WINDOWS\System32\WindowsPowerShell\v1.0\;C:\WINDOWS\System32\OpenSSH\;C:\python\Scripts\;C:\python\;C:\Ruby31\bin;C:\Users\pyohy\AppData\Local\Microsoft\WindowsApps;C:\Users\pyohy\AppData\Local\Programs\Microsoft VS Code\bin;C:\texlive\2022\bin\win32;C:\Users\pyohy\.dotnet\tools;C:\Users\pyohy\AppData\Local\Programs\cursor\resources\app\bin;" "gcc -IC:/Ruby31/include/ruby-3.1.0/i386-mingw32 -IC:/Ruby31/include/ruby-3.1.0/ruby/backward -IC:/Ruby31/include/ruby-3.1.0 -I. -D__USE_MINGW_ANSI_STDIO=1 -DFD_SETSIZE=2048 -D_WIN32_WINNT=0x0600 -D__MINGW_USE_VC2005_COMPAT -D_FILE_OFFSET_BITS=64  -O3 -fno-fast-math -fstack-protector-strong   -c conftest.c"
checked program was:
/* begin */
1: #include "ruby.h"
2: 
3: #include <winsock2.h>
4: #include <windows.h>
5: #include <float.h>
/* end */

--------------------

have_header: checking for math.h... -------------------- yes

PATH=".;C:/Ruby31/lib;C:\Ruby31\bin;C:\Ruby31\msys32\mingw32\bin;C:\Ruby31\msys32\usr\bin;c:\program files\imagemagick-7.1.0-q16-hdri;c:\program files\nvidia gpu computing toolkit\cuda\v11.3\bin;c:\program files\nvidia gpu computing toolkit\cuda\v11.3\libnvvp;c:\program files\common files\oracle\java\javapath;c:\windows\system32;c:\windows;c:\windows\system32\wbem;c:\windows\system32\windowspowershell\v1.0\;c:\windows\system32\openssh\;c:\program files\bandizip\;c:\program files\git\cmd;c:\program files\nvidia corporation\nsight compute 2021.1.0\;c:\program files\matlab\r2022a\runtime\win64;c:\program files\matlab\r2022a\bin;c:\program files (x86)\gs\gs9.56.1\bin;c:\program files\dotnet\;c:\program files\mingw64\bin;c:\users\pyohy\appdata\local\programs\cursor\resources\app\bin;c:\program files\nvidia corporation\nvidia app\nvdlisr;C:\Program Files (x86)\NVIDIA Corporation\PhysX\Common;C:\python;C:\python\Scripts;G:\poppler-24.08.0;G:\poppler-24.08.0\Library\bin;C:\Program Files\Mullvad VPN\resources;C:\WINDOWS\system32;C:\WINDOWS;C:\WINDOWS\System32\Wbem;C:\WINDOWS\System32\WindowsPowerShell\v1.0\;C:\WINDOWS\System32\OpenSSH\;C:\python\Scripts\;C:\python\;C:\Ruby31\bin;C:\Users\pyohy\AppData\Local\Microsoft\WindowsApps;C:\Users\pyohy\AppData\Local\Programs\Microsoft VS Code\bin;C:\texlive\2022\bin\win32;C:\Users\pyohy\.dotnet\tools;C:\Users\pyohy\AppData\Local\Programs\cursor\resources\app\bin;" "gcc -IC:/Ruby31/include/ruby-3.1.0/i386-mingw32 -IC:/Ruby31/include/ruby-3.1.0/ruby/backward -IC:/Ruby31/include/ruby-3.1.0 -I. -D__USE_MINGW_ANSI_STDIO=1 -DFD_SETSIZE=2048 -D_WIN32_WINNT=0x0600 -D__MINGW_USE_VC2005_COMPAT -D_FILE_OFFSET_BITS=64  -O3 -fno-fast-math -fstack-protector-strong   -c conftest.c"
checked program was:
/* begin */
1: #include "ruby.h"
2: 
3: #include <winsock2.h>
4: #include <windows.h>
5: #include <math.h>
/* end */

--------------------

have_header: checking for stdbool.h... -------------------- yes

PATH=".;C:/Ruby31/lib;C:\Ruby31\bin;C:\Ruby31\msys32\mingw32\bin;C:\Ruby31\msys32\usr\bin;c:\program files\imagemagick-7.1.0-q16-hdri;c:\program files\nvidia gpu computing toolkit\cuda\v11.3\bin;c:\program files\nvidia gpu computing toolkit\cuda\v11.3\libnvvp;c:\program files\common files\oracle\java\javapath;c:\windows\system32;c:\windows;c:\windows\system32\wbem;c:\windows\system32\windowspowershell\v1.0\;c:\windows\system32\openssh\;c:\program files\bandizip\;c:\program files\git\cmd;c:\program files\nvidia corporation\nsight compute 2021.1.0\;c:\program files\matlab\r2022a\runtime\win64;c:\program files\matlab\r2022a\bin;c:\program files (x86)\gs\gs9.56.1\bin;c:\program files\dotnet\;c:\program files\mingw64\bin;c:\users\pyohy\appdata\local\programs\cursor\resources\app\bin;c:\program files\nvidia corporation\nvidia app\nvdlisr;C:\Program Files (x86)\NVIDIA Corporation\PhysX\Common;C:\python;C:\python\Scripts;G:\poppler-24.08.0;G:\poppler-24.08.0\Library\bin;C:\Program Files\Mullvad VPN\resources;C:\WINDOWS\system32;C:\WINDOWS;C:\WINDOWS\System32\Wbem;C:\WINDOWS\System32\WindowsPowerShell\v1.0\;C:\WINDOWS\System32\OpenSSH\;C:\python\Scripts\;C:\python\;C:\Ruby31\bin;C:\Users\pyohy\AppData\Local\Microsoft\WindowsApps;C:\Users\pyohy\AppData\Local\Programs\Microsoft VS Code\bin;C:\texlive\2022\bin\win32;C:\Users\pyohy\.dotnet\tools;C:\Users\pyohy\AppData\Local\Programs\cursor\resources\app\bin;" "gcc -IC:/Ruby31/include/ruby-3.1.0/i386-mingw32 -IC:/Ruby31/include/ruby-3.1.0/ruby/backward -IC:/Ruby31/include/ruby-3.1.0 -I. -D__USE_MINGW_ANSI_STDIO=1 -DFD_SETSIZE=2048 -D_WIN32_WINNT=0x0600 -D__MINGW_USE_VC2005_COMPAT -D_FILE_OFFSET_BITS=64  -O3 -fno-fast-math -fstack-protector-strong   -c conftest.c"
checked program was:
/* begin */
1: #include "ruby.h"
2: 
3: #include <winsock2.h>
4: #include <windows.h>
5: #include <stdbool.h>
/* end */

--------------------

have_header: checking for stdlib.h... -------------------- yes

PATH=".;C:/Ruby31/lib;C:\Ruby31\bin;C:\Ruby31\msys32\mingw32\bin;C:\Ruby31\msys32\usr\bin;c:\program files\imagemagick-7.1.0-q16-hdri;c:\program files\nvidia gpu computing toolkit\cuda\v11.3\bin;c:\program files\nvidia gpu computing toolkit\cuda\v11.3\libnvvp;c:\program files\common files\oracle\java\javapath;c:\windows\system32;c:\windows;c:\windows\system32\wbem;c:\windows\system32\windowspowershell\v1.0\;c:\windows\system32\openssh\;c:\program files\bandizip\;c:\program files\git\cmd;c:\program files\nvidia corporation\nsight compute 2021.1.0\;c:\program files\matlab\r2022a\runtime\win64;c:\program files\matlab\r2022a\bin;c:\program files (x86)\gs\gs9.56.1\bin;c:\program files\dotnet\;c:\program files\mingw64\bin;c:\users\pyohy\appdata\local\programs\cursor\resources\app\bin;c:\program files\nvidia corporation\nvidia app\nvdlisr;C:\Program Files (x86)\NVIDIA Corporation\PhysX\Common;C:\python;C:\python\Scripts;G:\poppler-24.08.0;G:\poppler-24.08.0\Library\bin;C:\Program Files\Mullvad VPN\resources;C:\WINDOWS\system32;C:\WINDOWS;C:\WINDOWS\System32\Wbem;C:\WINDOWS\System32\WindowsPowerShell\v1.0\;C:\WINDOWS\System32\OpenSSH\;C:\python\Scripts\;C:\python\;C:\Ruby31\bin;C:\Users\pyohy\AppData\Local\Microsoft\WindowsApps;C:\Users\pyohy\AppData\Local\Programs\Microsoft VS Code\bin;C:\texlive\2022\bin\win32;C:\Users\pyohy\.dotnet\tools;C:\Users\pyohy\AppData\Local\Programs\cursor\resources\app\bin;" "gcc -IC:/Ruby31/include/ruby-3.1.0/i386-mingw32 -IC:/Ruby31/include/ruby-3.1.0/ruby/backward -IC:/Ruby31/include/ruby-3.1.0 -I. -D__USE_MINGW_ANSI_STDIO=1 -DFD_SETSIZE=2048 -D_WIN32_WINNT=0x0600 -D__MINGW_USE_VC2005_COMPAT -D_FILE_OFFSET_BITS=64  -O3 -fno-fast-math -fstack-protector-strong   -c conftest.c"
checked program was:
/* begin */
1: #include "ruby.h"
2: 
3: #include <winsock2.h>
4: #include <windows.h>
5: #include <stdlib.h>
/* end */

--------------------

have_header: checking for x86intrin.h... -------------------- yes

PATH=".;C:/Ruby31/lib;C:\Ruby31\bin;C:\Ruby31\msys32\mingw32\bin;C:\Ruby31\msys32\usr\bin;c:\program files\imagemagick-7.1.0-q16-hdri;c:\program files\nvidia gpu computing toolkit\cuda\v11.3\bin;c:\program files\nvidia gpu computing toolkit\cuda\v11.3\libnvvp;c:\program files\common files\oracle\java\javapath;c:\windows\system32;c:\windows;c:\windows\system32\wbem;c:\windows\system32\windowspowershell\v1.0\;c:\windows\system32\openssh\;c:\program files\bandizip\;c:\program files\git\cmd;c:\program files\nvidia corporation\nsight compute 2021.1.0\;c:\program files\matlab\r2022a\runtime\win64;c:\program files\matlab\r2022a\bin;c:\program files (x86)\gs\gs9.56.1\bin;c:\program files\dotnet\;c:\program files\mingw64\bin;c:\users\pyohy\appdata\local\programs\cursor\resources\app\bin;c:\program files\nvidia corporation\nvidia app\nvdlisr;C:\Program Files (x86)\NVIDIA Corporation\PhysX\Common;C:\python;C:\python\Scripts;G:\poppler-24.08.0;G:\poppler-24.08.0\Library\bin;C:\Program Files\Mullvad VPN\resources;C:\WINDOWS\system32;C:\WINDOWS;C:\WINDOWS\System32\Wbem;C:\WINDOWS\System32\WindowsPowerShell\v1.0\;C:\WINDOWS\System32\OpenSSH\;C:\python\Scripts\;C:\python\;C:\Ruby31\bin;C:\Users\pyohy\AppData\Local\Microsoft\WindowsApps;C:\Users\pyohy\AppData\Local\Programs\Microsoft VS Code\bin;C:\texlive\2022\bin\win32;C:\Users\pyohy\.dotnet\tools;C:\Users\pyohy\AppData\Local\Programs\cursor\resources\app\bin;" "gcc -IC:/Ruby31/include/ruby-3.1.0/i386-mingw32 -IC:/Ruby31/include/ruby-3.1.0/ruby/backward -IC:/Ruby31/include/ruby-3.1.0 -I. -D__USE_MINGW_ANSI_STDIO=1 -DFD_SETSIZE=2048 -D_WIN32_WINNT=0x0600 -D__MINGW_USE_VC2005_COMPAT -D_FILE_OFFSET_BITS=64  -O3 -fno-fast-math -fstack-protector-strong   -c conftest.c"
checked program was:
/* begin */
1: #include "ruby.h"
2: 
3: #include <winsock2.h>
4: #include <windows.h>
5: #include <x86intrin.h>
/* end */

--------------------

have_func: checking for _lzcnt_u32() in x86intrin.h... -------------------- no

PATH=".;C:/Ruby31/lib;C:\Ruby31\bin;C:\Ruby31\msys32\mingw32\bin;C:\Ruby31\msys32\usr\bin;c:\program files\imagemagick-7.1.0-q16-hdri;c:\program files\nvidia gpu computing toolkit\cuda\v11.3\bin;c:\program files\nvidia gpu computing toolkit\cuda\v11.3\libnvvp;c:\program files\common files\oracle\java\javapath;c:\windows\system32;c:\windows;c:\windows\system32\wbem;c:\windows\system32\windowspowershell\v1.0\;c:\windows\system32\openssh\;c:\program files\bandizip\;c:\program files\git\cmd;c:\program files\nvidia corporation\nsight compute 2021.1.0\;c:\program files\matlab\r2022a\runtime\win64;c:\program files\matlab\r2022a\bin;c:\program files (x86)\gs\gs9.56.1\bin;c:\program files\dotnet\;c:\program files\mingw64\bin;c:\users\pyohy\appdata\local\programs\cursor\resources\app\bin;c:\program files\nvidia corporation\nvidia app\nvdlisr;C:\Program Files (x86)\NVIDIA Corporation\PhysX\Common;C:\python;C:\python\Scripts;G:\poppler-24.08.0;G:\poppler-24.08.0\Library\bin;C:\Program Files\Mullvad VPN\resources;C:\WINDOWS\system32;C:\WINDOWS;C:\WINDOWS\System32\Wbem;C:\WINDOWS\System32\WindowsPowerShell\v1.0\;C:\WINDOWS\System32\OpenSSH\;C:\python\Scripts\;C:\python\;C:\Ruby31\bin;C:\Users\pyohy\AppData\Local\Microsoft\WindowsApps;C:\Users\pyohy\AppData\Local\Programs\Microsoft VS Code\bin;C:\texlive\2022\bin\win32;C:\Users\pyohy\.dotnet\tools;C:\Users\pyohy\AppData\Local\Programs\cursor\resources\app\bin;" "gcc -o conftest.exe -IC:/Ruby31/include/ruby-3.1.0/i386-mingw32 -IC:/Ruby31/include/ruby-3.1.0/ruby/backward -IC:/Ruby31/include/ruby-3.1.0 -I. -D__USE_MINGW_ANSI_STDIO=1 -DFD_SETSIZE=2048 -D_WIN32_WINNT=0x0600 -D__MINGW_USE_VC2005_COMPAT -D_FILE_OFFSET_BITS=64  -O3 -fno-fast-math -fstack-protector-strong conftest.c  -L. -LC:/Ruby31/lib -L. -pipe -s -fstack-protector-strong -Wl,--no-as-needed     -lmsvcrt-ruby310  -lshell32 -lws2_32 -liphlpapi -limagehlp -lshlwapi -lbcrypt  "
C:/Ruby31/msys32/mingw32/bin/../lib/gcc/i686-w64-mingw32/12.1.0/../../../../i686-w64-mingw32/bin/ld.exe: C:\Users\pyohy\AppData\Local\Temp\ccCesR2V.o:conftest.c:(.text+0x7): undefined reference to `_lzcnt_u32'
collect2.exe: error: ld returned 1 exit status
checked program was:
/* begin */
 1: #include "ruby.h"
 2: 
 3: #include <winsock2.h>
 4: #include <windows.h>
 5: #include <x86intrin.h>
 6: 
 7: /*top*/
 8: extern int t(void);
 9: int main(int argc, char **argv)
10: {
11:   if (argc > 1000000) {
12:     int (* volatile tp)(void)=(int (*)(void))&t;
13:     printf("%d", (*tp)());
14:   }
15: 
16:   return !!argv[argc];
17: }
18: int t(void) { void ((*volatile p)()); p = (void ((*)()))_lzcnt_u32; return !p; }
/* end */

PATH=".;C:/Ruby31/lib;C:\Ruby31\bin;C:\Ruby31\msys32\mingw32\bin;C:\Ruby31\msys32\usr\bin;c:\program files\imagemagick-7.1.0-q16-hdri;c:\program files\nvidia gpu computing toolkit\cuda\v11.3\bin;c:\program files\nvidia gpu computing toolkit\cuda\v11.3\libnvvp;c:\program files\common files\oracle\java\javapath;c:\windows\system32;c:\windows;c:\windows\system32\wbem;c:\windows\system32\windowspowershell\v1.0\;c:\windows\system32\openssh\;c:\program files\bandizip\;c:\program files\git\cmd;c:\program files\nvidia corporation\nsight compute 2021.1.0\;c:\program files\matlab\r2022a\runtime\win64;c:\program files\matlab\r2022a\bin;c:\program files (x86)\gs\gs9.56.1\bin;c:\program files\dotnet\;c:\program files\mingw64\bin;c:\users\pyohy\appdata\local\programs\cursor\resources\app\bin;c:\program files\nvidia corporation\nvidia app\nvdlisr;C:\Program Files (x86)\NVIDIA Corporation\PhysX\Common;C:\python;C:\python\Scripts;G:\poppler-24.08.0;G:\poppler-24.08.0\Library\bin;C:\Program Files\Mullvad VPN\resources;C:\WINDOWS\system32;C:\WINDOWS;C:\WINDOWS\System32\Wbem;C:\WINDOWS\System32\WindowsPowerShell\v1.0\;C:\WINDOWS\System32\OpenSSH\;C:\python\Scripts\;C:\python\;C:\Ruby31\bin;C:\Users\pyohy\AppData\Local\Microsoft\WindowsApps;C:\Users\pyohy\AppData\Local\Programs\Microsoft VS Code\bin;C:\texlive\2022\bin\win32;C:\Users\pyohy\.dotnet\tools;C:\Users\pyohy\AppData\Local\Programs\cursor\resources\app\bin;" "gcc -o conftest.exe -IC:/Ruby31/include/ruby-3.1.0/i386-mingw32 -IC:/Ruby31/include/ruby-3.1.0/ruby/backward -IC:/Ruby31/include/ruby-3.1.0 -I. -D__USE_MINGW_ANSI_STDIO=1 -DFD_SETSIZE=2048 -D_WIN32_WINNT=0x0600 -D__MINGW_USE_VC2005_COMPAT -D_FILE_OFFSET_BITS=64  -O3 -fno-fast-math -fstack-protector-strong conftest.c  -L. -LC:/Ruby31/lib -L. -pipe -s -fstack-protector-strong -Wl,--no-as-needed     -lmsvcrt-ruby310  -lshell32 -lws2_32 -liphlpapi -limagehlp -lshlwapi -lbcrypt  "
conftest.c:18:13: error: conflicting types for '_lzcnt_u32'; have 'void()'
   18 | extern void _lzcnt_u32();
      |             ^~~~~~~~~~
In file included from C:/Ruby31/msys32/mingw32/lib/gcc/i686-w64-mingw32/12.1.0/include/x86gprintrin.h:59,
                 from C:/Ruby31/msys32/mingw32/lib/gcc/i686-w64-mingw32/12.1.0/include/x86intrin.h:27,
                 from conftest.c:5:
C:/Ruby31/msys32/mingw32/lib/gcc/i686-w64-mingw32/12.1.0/include/lzcntintrin.h:51:1: note: previous definition of '_lzcnt_u32' with type 'unsigned int(unsigned int)'
   51 | _lzcnt_u32 (unsigned int __X)
      | ^~~~~~~~~~
checked program was:
/* begin */
 1: #include "ruby.h"
 2: 
 3: #include <winsock2.h>
 4: #include <windows.h>
 5: #include <x86intrin.h>
 6: 
 7: /*top*/
 8: extern int t(void);
 9: int main(int argc, char **argv)
10: {
11:   if (argc > 1000000) {
12:     int (* volatile tp)(void)=(int (*)(void))&t;
13:     printf("%d", (*tp)());
14:   }
15: 
16:   return !!argv[argc];
17: }
18: extern void _lzcnt_u32();
19: int t(void) { _lzcnt_u32(); return 0; }
/* end */

--------------------

have_func: checking for _lzcnt_u64() in x86intrin.h... -------------------- no

PATH=".;C:/Ruby31/lib;C:\Ruby31\bin;C:\Ruby31\msys32\mingw32\bin;C:\Ruby31\msys32\usr\bin;c:\program files\imagemagick-7.1.0-q16-hdri;c:\program files\nvidia gpu computing toolkit\cuda\v11.3\bin;c:\program files\nvidia gpu computing toolkit\cuda\v11.3\libnvvp;c:\program files\common files\oracle\java\javapath;c:\windows\system32;c:\windows;c:\windows\system32\wbem;c:\windows\system32\windowspowershell\v1.0\;c:\windows\system32\openssh\;c:\program files\bandizip\;c:\program files\git\cmd;c:\program files\nvidia corporation\nsight compute 2021.1.0\;c:\program files\matlab\r2022a\runtime\win64;c:\program files\matlab\r2022a\bin;c:\program files (x86)\gs\gs9.56.1\bin;c:\program files\dotnet\;c:\program files\mingw64\bin;c:\users\pyohy\appdata\local\programs\cursor\resources\app\bin;c:\program files\nvidia corporation\nvidia app\nvdlisr;C:\Program Files (x86)\NVIDIA Corporation\PhysX\Common;C:\python;C:\python\Scripts;G:\poppler-24.08.0;G:\poppler-24.08.0\Library\bin;C:\Program Files\Mullvad VPN\resources;C:\WINDOWS\system32;C:\WINDOWS;C:\WINDOWS\System32\Wbem;C:\WINDOWS\System32\WindowsPowerShell\v1.0\;C:\WINDOWS\System32\OpenSSH\;C:\python\Scripts\;C:\python\;C:\Ruby31\bin;C:\Users\pyohy\AppData\Local\Microsoft\WindowsApps;C:\Users\pyohy\AppData\Local\Programs\Microsoft VS Code\bin;C:\texlive\2022\bin\win32;C:\Users\pyohy\.dotnet\tools;C:\Users\pyohy\AppData\Local\Programs\cursor\resources\app\bin;" "gcc -o conftest.exe -IC:/Ruby31/include/ruby-3.1.0/i386-mingw32 -IC:/Ruby31/include/ruby-3.1.0/ruby/backward -IC:/Ruby31/include/ruby-3.1.0 -I. -D__USE_MINGW_ANSI_STDIO=1 -DFD_SETSIZE=2048 -D_WIN32_WINNT=0x0600 -D__MINGW_USE_VC2005_COMPAT -D_FILE_OFFSET_BITS=64  -O3 -fno-fast-math -fstack-protector-strong conftest.c  -L. -LC:/Ruby31/lib -L. -pipe -s -fstack-protector-strong -Wl,--no-as-needed     -lmsvcrt-ruby310  -lshell32 -lws2_32 -liphlpapi -limagehlp -lshlwapi -lbcrypt  "
conftest.c: In function 't':
conftest.c:18:57: error: '_lzcnt_u64' undeclared (first use in this function); did you mean '_lzcnt_u32'?
   18 | int t(void) { void ((*volatile p)()); p = (void ((*)()))_lzcnt_u64; return !p; }
      |                                                         ^~~~~~~~~~
      |                                                         _lzcnt_u32
conftest.c:18:57: note: each undeclared identifier is reported only once for each function it appears in
checked program was:
/* begin */
 1: #include "ruby.h"
 2: 
 3: #include <winsock2.h>
 4: #include <windows.h>
 5: #include <x86intrin.h>
 6: 
 7: /*top*/
 8: extern int t(void);
 9: int main(int argc, char **argv)
10: {
11:   if (argc > 1000000) {
12:     int (* volatile tp)(void)=(int (*)(void))&t;
13:     printf("%d", (*tp)());
14:   }
15: 
16:   return !!argv[argc];
17: }
18: int t(void) { void ((*volatile p)()); p = (void ((*)()))_lzcnt_u64; return !p; }
/* end */

PATH=".;C:/Ruby31/lib;C:\Ruby31\bin;C:\Ruby31\msys32\mingw32\bin;C:\Ruby31\msys32\usr\bin;c:\program files\imagemagick-7.1.0-q16-hdri;c:\program files\nvidia gpu computing toolkit\cuda\v11.3\bin;c:\program files\nvidia gpu computing toolkit\cuda\v11.3\libnvvp;c:\program files\common files\oracle\java\javapath;c:\windows\system32;c:\windows;c:\windows\system32\wbem;c:\windows\system32\windowspowershell\v1.0\;c:\windows\system32\openssh\;c:\program files\bandizip\;c:\program files\git\cmd;c:\program files\nvidia corporation\nsight compute 2021.1.0\;c:\program files\matlab\r2022a\runtime\win64;c:\program files\matlab\r2022a\bin;c:\program files (x86)\gs\gs9.56.1\bin;c:\program files\dotnet\;c:\program files\mingw64\bin;c:\users\pyohy\appdata\local\programs\cursor\resources\app\bin;c:\program files\nvidia corporation\nvidia app\nvdlisr;C:\Program Files (x86)\NVIDIA Corporation\PhysX\Common;C:\python;C:\python\Scripts;G:\poppler-24.08.0;G:\poppler-24.08.0\Library\bin;C:\Program Files\Mullvad VPN\resources;C:\WINDOWS\system32;C:\WINDOWS;C:\WINDOWS\System32\Wbem;C:\WINDOWS\System32\WindowsPowerShell\v1.0\;C:\WINDOWS\System32\OpenSSH\;C:\python\Scripts\;C:\python\;C:\Ruby31\bin;C:\Users\pyohy\AppData\Local\Microsoft\WindowsApps;C:\Users\pyohy\AppData\Local\Programs\Microsoft VS Code\bin;C:\texlive\2022\bin\win32;C:\Users\pyohy\.dotnet\tools;C:\Users\pyohy\AppData\Local\Programs\cursor\resources\app\bin;" "gcc -o conftest.exe -IC:/Ruby31/include/ruby-3.1.0/i386-mingw32 -IC:/Ruby31/include/ruby-3.1.0/ruby/backward -IC:/Ruby31/include/ruby-3.1.0 -I. -D__USE_MINGW_ANSI_STDIO=1 -DFD_SETSIZE=2048 -D_WIN32_WINNT=0x0600 -D__MINGW_USE_VC2005_COMPAT -D_FILE_OFFSET_BITS=64  -O3 -fno-fast-math -fstack-protector-strong conftest.c  -L. -LC:/Ruby31/lib -L. -pipe -s -fstack-protector-strong -Wl,--no-as-needed     -lmsvcrt-ruby310  -lshell32 -lws2_32 -liphlpapi -limagehlp -lshlwapi -lbcrypt  "
C:/Ruby31/msys32/mingw32/bin/../lib/gcc/i686-w64-mingw32/12.1.0/../../../../i686-w64-mingw32/bin/ld.exe: C:\Users\pyohy\AppData\Local\Temp\cczdAOmk.o:conftest.c:(.text+0x4): undefined reference to `_lzcnt_u64'
collect2.exe: error: ld returned 1 exit status
checked program was:
/* begin */
 1: #include "ruby.h"
 2: 
 3: #include <winsock2.h>
 4: #include <windows.h>
 5: #include <x86intrin.h>
 6: 
 7: /*top*/
 8: extern int t(void);
 9: int main(int argc, char **argv)
10: {
11:   if (argc > 1000000) {
12:     int (* volatile tp)(void)=(int (*)(void))&t;
13:     printf("%d", (*tp)());
14:   }
15: 
16:   return !!argv[argc];
17: }
18: extern void _lzcnt_u64();
19: int t(void) { _lzcnt_u64(); return 0; }
/* end */

--------------------

have_header: checking for intrin.h... -------------------- yes

PATH=".;C:/Ruby31/lib;C:\Ruby31\bin;C:\Ruby31\msys32\mingw32\bin;C:\Ruby31\msys32\usr\bin;c:\program files\imagemagick-7.1.0-q16-hdri;c:\program files\nvidia gpu computing toolkit\cuda\v11.3\bin;c:\program files\nvidia gpu computing toolkit\cuda\v11.3\libnvvp;c:\program files\common files\oracle\java\javapath;c:\windows\system32;c:\windows;c:\windows\system32\wbem;c:\windows\system32\windowspowershell\v1.0\;c:\windows\system32\openssh\;c:\program files\bandizip\;c:\program files\git\cmd;c:\program files\nvidia corporation\nsight compute 2021.1.0\;c:\program files\matlab\r2022a\runtime\win64;c:\program files\matlab\r2022a\bin;c:\program files (x86)\gs\gs9.56.1\bin;c:\program files\dotnet\;c:\program files\mingw64\bin;c:\users\pyohy\appdata\local\programs\cursor\resources\app\bin;c:\program files\nvidia corporation\nvidia app\nvdlisr;C:\Program Files (x86)\NVIDIA Corporation\PhysX\Common;C:\python;C:\python\Scripts;G:\poppler-24.08.0;G:\poppler-24.08.0\Library\bin;C:\Program Files\Mullvad VPN\resources;C:\WINDOWS\system32;C:\WINDOWS;C:\WINDOWS\System32\Wbem;C:\WINDOWS\System32\WindowsPowerShell\v1.0\;C:\WINDOWS\System32\OpenSSH\;C:\python\Scripts\;C:\python\;C:\Ruby31\bin;C:\Users\pyohy\AppData\Local\Microsoft\WindowsApps;C:\Users\pyohy\AppData\Local\Programs\Microsoft VS Code\bin;C:\texlive\2022\bin\win32;C:\Users\pyohy\.dotnet\tools;C:\Users\pyohy\AppData\Local\Programs\cursor\resources\app\bin;" "gcc -IC:/Ruby31/include/ruby-3.1.0/i386-mingw32 -IC:/Ruby31/include/ruby-3.1.0/ruby/backward -IC:/Ruby31/include/ruby-3.1.0 -I. -D__USE_MINGW_ANSI_STDIO=1 -DFD_SETSIZE=2048 -D_WIN32_WINNT=0x0600 -D__MINGW_USE_VC2005_COMPAT -D_FILE_OFFSET_BITS=64  -O3 -fno-fast-math -fstack-protector-strong   -c conftest.c"
checked program was:
/* begin */
1: #include "ruby.h"
2: 
3: #include <winsock2.h>
4: #include <windows.h>
5: #include <intrin.h>
/* end */

--------------------

have_func: checking for __lzcnt() in intrin.h... -------------------- no

PATH=".;C:/Ruby31/lib;C:\Ruby31\bin;C:\Ruby31\msys32\mingw32\bin;C:\Ruby31\msys32\usr\bin;c:\program files\imagemagick-7.1.0-q16-hdri;c:\program files\nvidia gpu computing toolkit\cuda\v11.3\bin;c:\program files\nvidia gpu computing toolkit\cuda\v11.3\libnvvp;c:\program files\common files\oracle\java\javapath;c:\windows\system32;c:\windows;c:\windows\system32\wbem;c:\windows\system32\windowspowershell\v1.0\;c:\windows\system32\openssh\;c:\program files\bandizip\;c:\program files\git\cmd;c:\program files\nvidia corporation\nsight compute 2021.1.0\;c:\program files\matlab\r2022a\runtime\win64;c:\program files\matlab\r2022a\bin;c:\program files (x86)\gs\gs9.56.1\bin;c:\program files\dotnet\;c:\program files\mingw64\bin;c:\users\pyohy\appdata\local\programs\cursor\resources\app\bin;c:\program files\nvidia corporation\nvidia app\nvdlisr;C:\Program Files (x86)\NVIDIA Corporation\PhysX\Common;C:\python;C:\python\Scripts;G:\poppler-24.08.0;G:\poppler-24.08.0\Library\bin;C:\Program Files\Mullvad VPN\resources;C:\WINDOWS\system32;C:\WINDOWS;C:\WINDOWS\System32\Wbem;C:\WINDOWS\System32\WindowsPowerShell\v1.0\;C:\WINDOWS\System32\OpenSSH\;C:\python\Scripts\;C:\python\;C:\Ruby31\bin;C:\Users\pyohy\AppData\Local\Microsoft\WindowsApps;C:\Users\pyohy\AppData\Local\Programs\Microsoft VS Code\bin;C:\texlive\2022\bin\win32;C:\Users\pyohy\.dotnet\tools;C:\Users\pyohy\AppData\Local\Programs\cursor\resources\app\bin;" "gcc -o conftest.exe -IC:/Ruby31/include/ruby-3.1.0/i386-mingw32 -IC:/Ruby31/include/ruby-3.1.0/ruby/backward -IC:/Ruby31/include/ruby-3.1.0 -I. -D__USE_MINGW_ANSI_STDIO=1 -DFD_SETSIZE=2048 -D_WIN32_WINNT=0x0600 -D__MINGW_USE_VC2005_COMPAT -D_FILE_OFFSET_BITS=64  -O3 -fno-fast-math -fstack-protector-strong conftest.c  -L. -LC:/Ruby31/lib -L. -pipe -s -fstack-protector-strong -Wl,--no-as-needed     -lmsvcrt-ruby310  -lshell32 -lws2_32 -liphlpapi -limagehlp -lshlwapi -lbcrypt  "
conftest.c: In function 't':
conftest.c:18:57: error: '__lzcnt' undeclared (first use in this function); did you mean '__lzcnt32'?
   18 | int t(void) { void ((*volatile p)()); p = (void ((*)()))__lzcnt; return !p; }
      |                                                         ^~~~~~~
      |                                                         __lzcnt32
conftest.c:18:57: note: each undeclared identifier is reported only once for each function it appears in
checked program was:
/* begin */
 1: #include "ruby.h"
 2: 
 3: #include <winsock2.h>
 4: #include <windows.h>
 5: #include <intrin.h>
 6: 
 7: /*top*/
 8: extern int t(void);
 9: int main(int argc, char **argv)
10: {
11:   if (argc > 1000000) {
12:     int (* volatile tp)(void)=(int (*)(void))&t;
13:     printf("%d", (*tp)());
14:   }
15: 
16:   return !!argv[argc];
17: }
18: int t(void) { void ((*volatile p)()); p = (void ((*)()))__lzcnt; return !p; }
/* end */

PATH=".;C:/Ruby31/lib;C:\Ruby31\bin;C:\Ruby31\msys32\mingw32\bin;C:\Ruby31\msys32\usr\bin;c:\program files\imagemagick-7.1.0-q16-hdri;c:\program files\nvidia gpu computing toolkit\cuda\v11.3\bin;c:\program files\nvidia gpu computing toolkit\cuda\v11.3\libnvvp;c:\program files\common files\oracle\java\javapath;c:\windows\system32;c:\windows;c:\windows\system32\wbem;c:\windows\system32\windowspowershell\v1.0\;c:\windows\system32\openssh\;c:\program files\bandizip\;c:\program files\git\cmd;c:\program files\nvidia corporation\nsight compute 2021.1.0\;c:\program files\matlab\r2022a\runtime\win64;c:\program files\matlab\r2022a\bin;c:\program files (x86)\gs\gs9.56.1\bin;c:\program files\dotnet\;c:\program files\mingw64\bin;c:\users\pyohy\appdata\local\programs\cursor\resources\app\bin;c:\program files\nvidia corporation\nvidia app\nvdlisr;C:\Program Files (x86)\NVIDIA Corporation\PhysX\Common;C:\python;C:\python\Scripts;G:\poppler-24.08.0;G:\poppler-24.08.0\Library\bin;C:\Program Files\Mullvad VPN\resources;C:\WINDOWS\system32;C:\WINDOWS;C:\WINDOWS\System32\Wbem;C:\WINDOWS\System32\WindowsPowerShell\v1.0\;C:\WINDOWS\System32\OpenSSH\;C:\python\Scripts\;C:\python\;C:\Ruby31\bin;C:\Users\pyohy\AppData\Local\Microsoft\WindowsApps;C:\Users\pyohy\AppData\Local\Programs\Microsoft VS Code\bin;C:\texlive\2022\bin\win32;C:\Users\pyohy\.dotnet\tools;C:\Users\pyohy\AppData\Local\Programs\cursor\resources\app\bin;" "gcc -o conftest.exe -IC:/Ruby31/include/ruby-3.1.0/i386-mingw32 -IC:/Ruby31/include/ruby-3.1.0/ruby/backward -IC:/Ruby31/include/ruby-3.1.0 -I. -D__USE_MINGW_ANSI_STDIO=1 -DFD_SETSIZE=2048 -D_WIN32_WINNT=0x0600 -D__MINGW_USE_VC2005_COMPAT -D_FILE_OFFSET_BITS=64  -O3 -fno-fast-math -fstack-protector-strong conftest.c  -L. -LC:/Ruby31/lib -L. -pipe -s -fstack-protector-strong -Wl,--no-as-needed     -lmsvcrt-ruby310  -lshell32 -lws2_32 -liphlpapi -limagehlp -lshlwapi -lbcrypt  "
C:/Ruby31/msys32/mingw32/bin/../lib/gcc/i686-w64-mingw32/12.1.0/../../../../i686-w64-mingw32/bin/ld.exe: C:\Users\pyohy\AppData\Local\Temp\ccbIqa88.o:conftest.c:(.text+0x4): undefined reference to `__lzcnt'
collect2.exe: error: ld returned 1 exit status
checked program was:
/* begin */
 1: #include "ruby.h"
 2: 
 3: #include <winsock2.h>
 4: #include <windows.h>
 5: #include <intrin.h>
 6: 
 7: /*top*/
 8: extern int t(void);
 9: int main(int argc, char **argv)
10: {
11:   if (argc > 1000000) {
12:     int (* volatile tp)(void)=(int (*)(void))&t;
13:     printf("%d", (*tp)());
14:   }
15: 
16:   return !!argv[argc];
17: }
18: extern void __lzcnt();
19: int t(void) { __lzcnt(); return 0; }
/* end */

--------------------

have_func: checking for __lzcnt64() in intrin.h... -------------------- no

PATH=".;C:/Ruby31/lib;C:\Ruby31\bin;C:\Ruby31\msys32\mingw32\bin;C:\Ruby31\msys32\usr\bin;c:\program files\imagemagick-7.1.0-q16-hdri;c:\program files\nvidia gpu computing toolkit\cuda\v11.3\bin;c:\program files\nvidia gpu computing toolkit\cuda\v11.3\libnvvp;c:\program files\common files\oracle\java\javapath;c:\windows\system32;c:\windows;c:\windows\system32\wbem;c:\windows\system32\windowspowershell\v1.0\;c:\windows\system32\openssh\;c:\program files\bandizip\;c:\program files\git\cmd;c:\program files\nvidia corporation\nsight compute 2021.1.0\;c:\program files\matlab\r2022a\runtime\win64;c:\program files\matlab\r2022a\bin;c:\program files (x86)\gs\gs9.56.1\bin;c:\program files\dotnet\;c:\program files\mingw64\bin;c:\users\pyohy\appdata\local\programs\cursor\resources\app\bin;c:\program files\nvidia corporation\nvidia app\nvdlisr;C:\Program Files (x86)\NVIDIA Corporation\PhysX\Common;C:\python;C:\python\Scripts;G:\poppler-24.08.0;G:\poppler-24.08.0\Library\bin;C:\Program Files\Mullvad VPN\resources;C:\WINDOWS\system32;C:\WINDOWS;C:\WINDOWS\System32\Wbem;C:\WINDOWS\System32\WindowsPowerShell\v1.0\;C:\WINDOWS\System32\OpenSSH\;C:\python\Scripts\;C:\python\;C:\Ruby31\bin;C:\Users\pyohy\AppData\Local\Microsoft\WindowsApps;C:\Users\pyohy\AppData\Local\Programs\Microsoft VS Code\bin;C:\texlive\2022\bin\win32;C:\Users\pyohy\.dotnet\tools;C:\Users\pyohy\AppData\Local\Programs\cursor\resources\app\bin;" "gcc -o conftest.exe -IC:/Ruby31/include/ruby-3.1.0/i386-mingw32 -IC:/Ruby31/include/ruby-3.1.0/ruby/backward -IC:/Ruby31/include/ruby-3.1.0 -I. -D__USE_MINGW_ANSI_STDIO=1 -DFD_SETSIZE=2048 -D_WIN32_WINNT=0x0600 -D__MINGW_USE_VC2005_COMPAT -D_FILE_OFFSET_BITS=64  -O3 -fno-fast-math -fstack-protector-strong conftest.c  -L. -LC:/Ruby31/lib -L. -pipe -s -fstack-protector-strong -Wl,--no-as-needed     -lmsvcrt-ruby310  -lshell32 -lws2_32 -liphlpapi -limagehlp -lshlwapi -lbcrypt  "
conftest.c: In function 't':
conftest.c:18:57: error: '__lzcnt64' undeclared (first use in this function); did you mean '__lzcnt32'?
   18 | int t(void) { void ((*volatile p)()); p = (void ((*)()))__lzcnt64; return !p; }
      |                                                         ^~~~~~~~~
      |                                                         __lzcnt32
conftest.c:18:57: note: each undeclared identifier is reported only once for each function it appears in
checked program was:
/* begin */
 1: #include "ruby.h"
 2: 
 3: #include <winsock2.h>
 4: #include <windows.h>
 5: #include <intrin.h>
 6: 
 7: /*top*/
 8: extern int t(void);
 9: int main(int argc, char **argv)
10: {
11:   if (argc > 1000000) {
12:     int (* volatile tp)(void)=(int (*)(void))&t;
13:     printf("%d", (*tp)());
14:   }
15: 
16:   return !!argv[argc];
17: }
18: int t(void) { void ((*volatile p)()); p = (void ((*)()))__lzcnt64; return !p; }
/* end */

PATH=".;C:/Ruby31/lib;C:\Ruby31\bin;C:\Ruby31\msys32\mingw32\bin;C:\Ruby31\msys32\usr\bin;c:\program files\imagemagick-7.1.0-q16-hdri;c:\program files\nvidia gpu computing toolkit\cuda\v11.3\bin;c:\program files\nvidia gpu computing toolkit\cuda\v11.3\libnvvp;c:\program files\common files\oracle\java\javapath;c:\windows\system32;c:\windows;c:\windows\system32\wbem;c:\windows\system32\windowspowershell\v1.0\;c:\windows\system32\openssh\;c:\program files\bandizip\;c:\program files\git\cmd;c:\program files\nvidia corporation\nsight compute 2021.1.0\;c:\program files\matlab\r2022a\runtime\win64;c:\program files\matlab\r2022a\bin;c:\program files (x86)\gs\gs9.56.1\bin;c:\program files\dotnet\;c:\program files\mingw64\bin;c:\users\pyohy\appdata\local\programs\cursor\resources\app\bin;c:\program files\nvidia corporation\nvidia app\nvdlisr;C:\Program Files (x86)\NVIDIA Corporation\PhysX\Common;C:\python;C:\python\Scripts;G:\poppler-24.08.0;G:\poppler-24.08.0\Library\bin;C:\Program Files\Mullvad VPN\resources;C:\WINDOWS\system32;C:\WINDOWS;C:\WINDOWS\System32\Wbem;C:\WINDOWS\System32\WindowsPowerShell\v1.0\;C:\WINDOWS\System32\OpenSSH\;C:\python\Scripts\;C:\python\;C:\Ruby31\bin;C:\Users\pyohy\AppData\Local\Microsoft\WindowsApps;C:\Users\pyohy\AppData\Local\Programs\Microsoft VS Code\bin;C:\texlive\2022\bin\win32;C:\Users\pyohy\.dotnet\tools;C:\Users\pyohy\AppData\Local\Programs\cursor\resources\app\bin;" "gcc -o conftest.exe -IC:/Ruby31/include/ruby-3.1.0/i386-mingw32 -IC:/Ruby31/include/ruby-3.1.0/ruby/backward -IC:/Ruby31/include/ruby-3.1.0 -I. -D__USE_MINGW_ANSI_STDIO=1 -DFD_SETSIZE=2048 -D_WIN32_WINNT=0x0600 -D__MINGW_USE_VC2005_COMPAT -D_FILE_OFFSET_BITS=64  -O3 -fno-fast-math -fstack-protector-strong conftest.c  -L. -LC:/Ruby31/lib -L. -pipe -s -fstack-protector-strong -Wl,--no-as-needed     -lmsvcrt-ruby310  -lshell32 -lws2_32 -liphlpapi -limagehlp -lshlwapi -lbcrypt  "
C:/Ruby31/msys32/mingw32/bin/../lib/gcc/i686-w64-mingw32/12.1.0/../../../../i686-w64-mingw32/bin/ld.exe: C:\Users\pyohy\AppData\Local\Temp\ccPrX8u0.o:conftest.c:(.text+0x4): undefined reference to `__lzcnt64'
collect2.exe: error: ld returned 1 exit status
checked program was:
/* begin */
 1: #include "ruby.h"
 2: 
 3: #include <winsock2.h>
 4: #include <windows.h>
 5: #include <intrin.h>
 6: 
 7: /*top*/
 8: extern int t(void);
 9: int main(int argc, char **argv)
10: {
11:   if (argc > 1000000) {
12:     int (* volatile tp)(void)=(int (*)(void))&t;
13:     printf("%d", (*tp)());
14:   }
15: 
16:   return !!argv[argc];
17: }
18: extern void __lzcnt64();
19: int t(void) { __lzcnt64(); return 0; }
/* end */

--------------------

have_func: checking for _BitScanReverse() in intrin.h... -------------------- yes

PATH=".;C:/Ruby31/lib;C:\Ruby31\bin;C:\Ruby31\msys32\mingw32\bin;C:\Ruby31\msys32\usr\bin;c:\program files\imagemagick-7.1.0-q16-hdri;c:\program files\nvidia gpu computing toolkit\cuda\v11.3\bin;c:\program files\nvidia gpu computing toolkit\cuda\v11.3\libnvvp;c:\program files\common files\oracle\java\javapath;c:\windows\system32;c:\windows;c:\windows\system32\wbem;c:\windows\system32\windowspowershell\v1.0\;c:\windows\system32\openssh\;c:\program files\bandizip\;c:\program files\git\cmd;c:\program files\nvidia corporation\nsight compute 2021.1.0\;c:\program files\matlab\r2022a\runtime\win64;c:\program files\matlab\r2022a\bin;c:\program files (x86)\gs\gs9.56.1\bin;c:\program files\dotnet\;c:\program files\mingw64\bin;c:\users\pyohy\appdata\local\programs\cursor\resources\app\bin;c:\program files\nvidia corporation\nvidia app\nvdlisr;C:\Program Files (x86)\NVIDIA Corporation\PhysX\Common;C:\python;C:\python\Scripts;G:\poppler-24.08.0;G:\poppler-24.08.0\Library\bin;C:\Program Files\Mullvad VPN\resources;C:\WINDOWS\system32;C:\WINDOWS;C:\WINDOWS\System32\Wbem;C:\WINDOWS\System32\WindowsPowerShell\v1.0\;C:\WINDOWS\System32\OpenSSH\;C:\python\Scripts\;C:\python\;C:\Ruby31\bin;C:\Users\pyohy\AppData\Local\Microsoft\WindowsApps;C:\Users\pyohy\AppData\Local\Programs\Microsoft VS Code\bin;C:\texlive\2022\bin\win32;C:\Users\pyohy\.dotnet\tools;C:\Users\pyohy\AppData\Local\Programs\cursor\resources\app\bin;" "gcc -o conftest.exe -IC:/Ruby31/include/ruby-3.1.0/i386-mingw32 -IC:/Ruby31/include/ruby-3.1.0/ruby/backward -IC:/Ruby31/include/ruby-3.1.0 -I. -D__USE_MINGW_ANSI_STDIO=1 -DFD_SETSIZE=2048 -D_WIN32_WINNT=0x0600 -D__MINGW_USE_VC2005_COMPAT -D_FILE_OFFSET_BITS=64  -O3 -fno-fast-math -fstack-protector-strong conftest.c  -L. -LC:/Ruby31/lib -L. -pipe -s -fstack-protector-strong -Wl,--no-as-needed     -lmsvcrt-ruby310  -lshell32 -lws2_32 -liphlpapi -limagehlp -lshlwapi -lbcrypt  "
checked program was:
/* begin */
 1: #include "ruby.h"
 2: 
 3: #include <winsock2.h>
 4: #include <windows.h>
 5: #include <intrin.h>
 6: 
 7: /*top*/
 8: extern int t(void);
 9: int main(int argc, char **argv)
10: {
11:   if (argc > 1000000) {
12:     int (* volatile tp)(void)=(int (*)(void))&t;
13:     printf("%d", (*tp)());
14:   }
15: 
16:   return !!argv[argc];
17: }
18: int t(void) { void ((*volatile p)()); p = (void ((*)()))_BitScanReverse; return !p; }
/* end */

--------------------

have_func: checking for _BitScanReverse64() in intrin.h... -------------------- no

PATH=".;C:/Ruby31/lib;C:\Ruby31\bin;C:\Ruby31\msys32\mingw32\bin;C:\Ruby31\msys32\usr\bin;c:\program files\imagemagick-7.1.0-q16-hdri;c:\program files\nvidia gpu computing toolkit\cuda\v11.3\bin;c:\program files\nvidia gpu computing toolkit\cuda\v11.3\libnvvp;c:\program files\common files\oracle\java\javapath;c:\windows\system32;c:\windows;c:\windows\system32\wbem;c:\windows\system32\windowspowershell\v1.0\;c:\windows\system32\openssh\;c:\program files\bandizip\;c:\program files\git\cmd;c:\program files\nvidia corporation\nsight compute 2021.1.0\;c:\program files\matlab\r2022a\runtime\win64;c:\program files\matlab\r2022a\bin;c:\program files (x86)\gs\gs9.56.1\bin;c:\program files\dotnet\;c:\program files\mingw64\bin;c:\users\pyohy\appdata\local\programs\cursor\resources\app\bin;c:\program files\nvidia corporation\nvidia app\nvdlisr;C:\Program Files (x86)\NVIDIA Corporation\PhysX\Common;C:\python;C:\python\Scripts;G:\poppler-24.08.0;G:\poppler-24.08.0\Library\bin;C:\Program Files\Mullvad VPN\resources;C:\WINDOWS\system32;C:\WINDOWS;C:\WINDOWS\System32\Wbem;C:\WINDOWS\System32\WindowsPowerShell\v1.0\;C:\WINDOWS\System32\OpenSSH\;C:\python\Scripts\;C:\python\;C:\Ruby31\bin;C:\Users\pyohy\AppData\Local\Microsoft\WindowsApps;C:\Users\pyohy\AppData\Local\Programs\Microsoft VS Code\bin;C:\texlive\2022\bin\win32;C:\Users\pyohy\.dotnet\tools;C:\Users\pyohy\AppData\Local\Programs\cursor\resources\app\bin;" "gcc -o conftest.exe -IC:/Ruby31/include/ruby-3.1.0/i386-mingw32 -IC:/Ruby31/include/ruby-3.1.0/ruby/backward -IC:/Ruby31/include/ruby-3.1.0 -I. -D__USE_MINGW_ANSI_STDIO=1 -DFD_SETSIZE=2048 -D_WIN32_WINNT=0x0600 -D__MINGW_USE_VC2005_COMPAT -D_FILE_OFFSET_BITS=64  -O3 -fno-fast-math -fstack-protector-strong conftest.c  -L. -LC:/Ruby31/lib -L. -pipe -s -fstack-protector-strong -Wl,--no-as-needed     -lmsvcrt-ruby310  -lshell32 -lws2_32 -liphlpapi -limagehlp -lshlwapi -lbcrypt  "
conftest.c: In function 't':
conftest.c:18:57: error: '_BitScanReverse64' undeclared (first use in this function); did you mean '_BitScanReverse'?
   18 | int t(void) { void ((*volatile p)()); p = (void ((*)()))_BitScanReverse64; return !p; }
      |                                                         ^~~~~~~~~~~~~~~~~
      |                                                         _BitScanReverse
conftest.c:18:57: note: each undeclared identifier is reported only once for each function it appears in
checked program was:
/* begin */
 1: #include "ruby.h"
 2: 
 3: #include <winsock2.h>
 4: #include <windows.h>
 5: #include <intrin.h>
 6: 
 7: /*top*/
 8: extern int t(void);
 9: int main(int argc, char **argv)
10: {
11:   if (argc > 1000000) {
12:     int (* volatile tp)(void)=(int (*)(void))&t;
13:     printf("%d", (*tp)());
14:   }
15: 
16:   return !!argv[argc];
17: }
18: int t(void) { void ((*volatile p)()); p = (void ((*)()))_BitScanReverse64; return !p; }
/* end */

PATH=".;C:/Ruby31/lib;C:\Ruby31\bin;C:\Ruby31\msys32\mingw32\bin;C:\Ruby31\msys32\usr\bin;c:\program files\imagemagick-7.1.0-q16-hdri;c:\program files\nvidia gpu computing toolkit\cuda\v11.3\bin;c:\program files\nvidia gpu computing toolkit\cuda\v11.3\libnvvp;c:\program files\common files\oracle\java\javapath;c:\windows\system32;c:\windows;c:\windows\system32\wbem;c:\windows\system32\windowspowershell\v1.0\;c:\windows\system32\openssh\;c:\program files\bandizip\;c:\program files\git\cmd;c:\program files\nvidia corporation\nsight compute 2021.1.0\;c:\program files\matlab\r2022a\runtime\win64;c:\program files\matlab\r2022a\bin;c:\program files (x86)\gs\gs9.56.1\bin;c:\program files\dotnet\;c:\program files\mingw64\bin;c:\users\pyohy\appdata\local\programs\cursor\resources\app\bin;c:\program files\nvidia corporation\nvidia app\nvdlisr;C:\Program Files (x86)\NVIDIA Corporation\PhysX\Common;C:\python;C:\python\Scripts;G:\poppler-24.08.0;G:\poppler-24.08.0\Library\bin;C:\Program Files\Mullvad VPN\resources;C:\WINDOWS\system32;C:\WINDOWS;C:\WINDOWS\System32\Wbem;C:\WINDOWS\System32\WindowsPowerShell\v1.0\;C:\WINDOWS\System32\OpenSSH\;C:\python\Scripts\;C:\python\;C:\Ruby31\bin;C:\Users\pyohy\AppData\Local\Microsoft\WindowsApps;C:\Users\pyohy\AppData\Local\Programs\Microsoft VS Code\bin;C:\texlive\2022\bin\win32;C:\Users\pyohy\.dotnet\tools;C:\Users\pyohy\AppData\Local\Programs\cursor\resources\app\bin;" "gcc -o conftest.exe -IC:/Ruby31/include/ruby-3.1.0/i386-mingw32 -IC:/Ruby31/include/ruby-3.1.0/ruby/backward -IC:/Ruby31/include/ruby-3.1.0 -I. -D__USE_MINGW_ANSI_STDIO=1 -DFD_SETSIZE=2048 -D_WIN32_WINNT=0x0600 -D__MINGW_USE_VC2005_COMPAT -D_FILE_OFFSET_BITS=64  -O3 -fno-fast-math -fstack-protector-strong conftest.c  -L. -LC:/Ruby31/lib -L. -pipe -s -fstack-protector-strong -Wl,--no-as-needed     -lmsvcrt-ruby310  -lshell32 -lws2_32 -liphlpapi -limagehlp -lshlwapi -lbcrypt  "
C:/Ruby31/msys32/mingw32/bin/../lib/gcc/i686-w64-mingw32/12.1.0/../../../../i686-w64-mingw32/bin/ld.exe: C:\Users\pyohy\AppData\Local\Temp\cceFS6Mp.o:conftest.c:(.text+0x4): undefined reference to `_BitScanReverse64'
collect2.exe: error: ld returned 1 exit status
checked program was:
/* begin */
 1: #include "ruby.h"
 2: 
 3: #include <winsock2.h>
 4: #include <windows.h>
 5: #include <intrin.h>
 6: 
 7: /*top*/
 8: extern int t(void);
 9: int main(int argc, char **argv)
10: {
11:   if (argc > 1000000) {
12:     int (* volatile tp)(void)=(int (*)(void))&t;
13:     printf("%d", (*tp)());
14:   }
15: 
16:   return !!argv[argc];
17: }
18: extern void _BitScanReverse64();
19: int t(void) { _BitScanReverse64(); return 0; }
/* end */

--------------------

have_header: checking for ruby/atomic.h... -------------------- yes

PATH=".;C:/Ruby31/lib;C:\Ruby31\bin;C:\Ruby31\msys32\mingw32\bin;C:\Ruby31\msys32\usr\bin;c:\program files\imagemagick-7.1.0-q16-hdri;c:\program files\nvidia gpu computing toolkit\cuda\v11.3\bin;c:\program files\nvidia gpu computing toolkit\cuda\v11.3\libnvvp;c:\program files\common files\oracle\java\javapath;c:\windows\system32;c:\windows;c:\windows\system32\wbem;c:\windows\system32\windowspowershell\v1.0\;c:\windows\system32\openssh\;c:\program files\bandizip\;c:\program files\git\cmd;c:\program files\nvidia corporation\nsight compute 2021.1.0\;c:\program files\matlab\r2022a\runtime\win64;c:\program files\matlab\r2022a\bin;c:\program files (x86)\gs\gs9.56.1\bin;c:\program files\dotnet\;c:\program files\mingw64\bin;c:\users\pyohy\appdata\local\programs\cursor\resources\app\bin;c:\program files\nvidia corporation\nvidia app\nvdlisr;C:\Program Files (x86)\NVIDIA Corporation\PhysX\Common;C:\python;C:\python\Scripts;G:\poppler-24.08.0;G:\poppler-24.08.0\Library\bin;C:\Program Files\Mullvad VPN\resources;C:\WINDOWS\system32;C:\WINDOWS;C:\WINDOWS\System32\Wbem;C:\WINDOWS\System32\WindowsPowerShell\v1.0\;C:\WINDOWS\System32\OpenSSH\;C:\python\Scripts\;C:\python\;C:\Ruby31\bin;C:\Users\pyohy\AppData\Local\Microsoft\WindowsApps;C:\Users\pyohy\AppData\Local\Programs\Microsoft VS Code\bin;C:\texlive\2022\bin\win32;C:\Users\pyohy\.dotnet\tools;C:\Users\pyohy\AppData\Local\Programs\cursor\resources\app\bin;" "gcc -IC:/Ruby31/include/ruby-3.1.0/i386-mingw32 -IC:/Ruby31/include/ruby-3.1.0/ruby/backward -IC:/Ruby31/include/ruby-3.1.0 -I. -D__USE_MINGW_ANSI_STDIO=1 -DFD_SETSIZE=2048 -D_WIN32_WINNT=0x0600 -D__MINGW_USE_VC2005_COMPAT -D_FILE_OFFSET_BITS=64  -O3 -fno-fast-math -fstack-protector-strong   -c conftest.c"
checked program was:
/* begin */
1: #include "ruby.h"
2: 
3: #include <winsock2.h>
4: #include <windows.h>
5: #include <ruby/atomic.h>
/* end */

--------------------

have_header: checking for ruby/internal/has/builtin.h... -------------------- yes

PATH=".;C:/Ruby31/lib;C:\Ruby31\bin;C:\Ruby31\msys32\mingw32\bin;C:\Ruby31\msys32\usr\bin;c:\program files\imagemagick-7.1.0-q16-hdri;c:\program files\nvidia gpu computing toolkit\cuda\v11.3\bin;c:\program files\nvidia gpu computing toolkit\cuda\v11.3\libnvvp;c:\program files\common files\oracle\java\javapath;c:\windows\system32;c:\windows;c:\windows\system32\wbem;c:\windows\system32\windowspowershell\v1.0\;c:\windows\system32\openssh\;c:\program files\bandizip\;c:\program files\git\cmd;c:\program files\nvidia corporation\nsight compute 2021.1.0\;c:\program files\matlab\r2022a\runtime\win64;c:\program files\matlab\r2022a\bin;c:\program files (x86)\gs\gs9.56.1\bin;c:\program files\dotnet\;c:\program files\mingw64\bin;c:\users\pyohy\appdata\local\programs\cursor\resources\app\bin;c:\program files\nvidia corporation\nvidia app\nvdlisr;C:\Program Files (x86)\NVIDIA Corporation\PhysX\Common;C:\python;C:\python\Scripts;G:\poppler-24.08.0;G:\poppler-24.08.0\Library\bin;C:\Program Files\Mullvad VPN\resources;C:\WINDOWS\system32;C:\WINDOWS;C:\WINDOWS\System32\Wbem;C:\WINDOWS\System32\WindowsPowerShell\v1.0\;C:\WINDOWS\System32\OpenSSH\;C:\python\Scripts\;C:\python\;C:\Ruby31\bin;C:\Users\pyohy\AppData\Local\Microsoft\WindowsApps;C:\Users\pyohy\AppData\Local\Programs\Microsoft VS Code\bin;C:\texlive\2022\bin\win32;C:\Users\pyohy\.dotnet\tools;C:\Users\pyohy\AppData\Local\Programs\cursor\resources\app\bin;" "gcc -IC:/Ruby31/include/ruby-3.1.0/i386-mingw32 -IC:/Ruby31/include/ruby-3.1.0/ruby/backward -IC:/Ruby31/include/ruby-3.1.0 -I. -D__USE_MINGW_ANSI_STDIO=1 -DFD_SETSIZE=2048 -D_WIN32_WINNT=0x0600 -D__MINGW_USE_VC2005_COMPAT -D_FILE_OFFSET_BITS=64  -O3 -fno-fast-math -fstack-protector-strong   -c conftest.c"
checked program was:
/* begin */
1: #include "ruby.h"
2: 
3: #include <winsock2.h>
4: #include <windows.h>
5: #include <ruby/internal/has/builtin.h>
/* end */

--------------------

have_header: checking for ruby/internal/static_assert.h... -------------------- yes

PATH=".;C:/Ruby31/lib;C:\Ruby31\bin;C:\Ruby31\msys32\mingw32\bin;C:\Ruby31\msys32\usr\bin;c:\program files\imagemagick-7.1.0-q16-hdri;c:\program files\nvidia gpu computing toolkit\cuda\v11.3\bin;c:\program files\nvidia gpu computing toolkit\cuda\v11.3\libnvvp;c:\program files\common files\oracle\java\javapath;c:\windows\system32;c:\windows;c:\windows\system32\wbem;c:\windows\system32\windowspowershell\v1.0\;c:\windows\system32\openssh\;c:\program files\bandizip\;c:\program files\git\cmd;c:\program files\nvidia corporation\nsight compute 2021.1.0\;c:\program files\matlab\r2022a\runtime\win64;c:\program files\matlab\r2022a\bin;c:\program files (x86)\gs\gs9.56.1\bin;c:\program files\dotnet\;c:\program files\mingw64\bin;c:\users\pyohy\appdata\local\programs\cursor\resources\app\bin;c:\program files\nvidia corporation\nvidia app\nvdlisr;C:\Program Files (x86)\NVIDIA Corporation\PhysX\Common;C:\python;C:\python\Scripts;G:\poppler-24.08.0;G:\poppler-24.08.0\Library\bin;C:\Program Files\Mullvad VPN\resources;C:\WINDOWS\system32;C:\WINDOWS;C:\WINDOWS\System32\Wbem;C:\WINDOWS\System32\WindowsPowerShell\v1.0\;C:\WINDOWS\System32\OpenSSH\;C:\python\Scripts\;C:\python\;C:\Ruby31\bin;C:\Users\pyohy\AppData\Local\Microsoft\WindowsApps;C:\Users\pyohy\AppData\Local\Programs\Microsoft VS Code\bin;C:\texlive\2022\bin\win32;C:\Users\pyohy\.dotnet\tools;C:\Users\pyohy\AppData\Local\Programs\cursor\resources\app\bin;" "gcc -IC:/Ruby31/include/ruby-3.1.0/i386-mingw32 -IC:/Ruby31/include/ruby-3.1.0/ruby/backward -IC:/Ruby31/include/ruby-3.1.0 -I. -D__USE_MINGW_ANSI_STDIO=1 -DFD_SETSIZE=2048 -D_WIN32_WINNT=0x0600 -D__MINGW_USE_VC2005_COMPAT -D_FILE_OFFSET_BITS=64  -O3 -fno-fast-math -fstack-protector-strong   -c conftest.c"
checked program was:
/* begin */
1: #include "ruby.h"
2: 
3: #include <winsock2.h>
4: #include <windows.h>
5: #include <ruby/internal/static_assert.h>
/* end */

--------------------

have_func: checking for rb_complex_real() in ruby.h... -------------------- yes

PATH=".;C:/Ruby31/lib;C:\Ruby31\bin;C:\Ruby31\msys32\mingw32\bin;C:\Ruby31\msys32\usr\bin;c:\program files\imagemagick-7.1.0-q16-hdri;c:\program files\nvidia gpu computing toolkit\cuda\v11.3\bin;c:\program files\nvidia gpu computing toolkit\cuda\v11.3\libnvvp;c:\program files\common files\oracle\java\javapath;c:\windows\system32;c:\windows;c:\windows\system32\wbem;c:\windows\system32\windowspowershell\v1.0\;c:\windows\system32\openssh\;c:\program files\bandizip\;c:\program files\git\cmd;c:\program files\nvidia corporation\nsight compute 2021.1.0\;c:\program files\matlab\r2022a\runtime\win64;c:\program files\matlab\r2022a\bin;c:\program files (x86)\gs\gs9.56.1\bin;c:\program files\dotnet\;c:\program files\mingw64\bin;c:\users\pyohy\appdata\local\programs\cursor\resources\app\bin;c:\program files\nvidia corporation\nvidia app\nvdlisr;C:\Program Files (x86)\NVIDIA Corporation\PhysX\Common;C:\python;C:\python\Scripts;G:\poppler-24.08.0;G:\poppler-24.08.0\Library\bin;C:\Program Files\Mullvad VPN\resources;C:\WINDOWS\system32;C:\WINDOWS;C:\WINDOWS\System32\Wbem;C:\WINDOWS\System32\WindowsPowerShell\v1.0\;C:\WINDOWS\System32\OpenSSH\;C:\python\Scripts\;C:\python\;C:\Ruby31\bin;C:\Users\pyohy\AppData\Local\Microsoft\WindowsApps;C:\Users\pyohy\AppData\Local\Programs\Microsoft VS Code\bin;C:\texlive\2022\bin\win32;C:\Users\pyohy\.dotnet\tools;C:\Users\pyohy\AppData\Local\Programs\cursor\resources\app\bin;" "gcc -o conftest.exe -IC:/Ruby31/include/ruby-3.1.0/i386-mingw32 -IC:/Ruby31/include/ruby-3.1.0/ruby/backward -IC:/Ruby31/include/ruby-3.1.0 -I. -D__USE_MINGW_ANSI_STDIO=1 -DFD_SETSIZE=2048 -D_WIN32_WINNT=0x0600 -D__MINGW_USE_VC2005_COMPAT -D_FILE_OFFSET_BITS=64  -O3 -fno-fast-math -fstack-protector-strong conftest.c  -L. -LC:/Ruby31/lib -L. -pipe -s -fstack-protector-strong -Wl,--no-as-needed     -lmsvcrt-ruby310  -lshell32 -lws2_32 -liphlpapi -limagehlp -lshlwapi -lbcrypt  "
checked program was:
/* begin */
 1: #include "ruby.h"
 2: 
 3: #include <winsock2.h>
 4: #include <windows.h>
 5: #include <ruby.h>
 6: 
 7: /*top*/
 8: extern int t(void);
 9: int main(int argc, char **argv)
10: {
11:   if (argc > 1000000) {
12:     int (* volatile tp)(void)=(int (*)(void))&t;
13:     printf("%d", (*tp)());
14:   }
15: 
16:   return !!argv[argc];
17: }
18: int t(void) { void ((*volatile p)()); p = (void ((*)()))rb_complex_real; return !p; }
/* end */

--------------------

have_func: checking for rb_complex_imag() in ruby.h... -------------------- yes

PATH=".;C:/Ruby31/lib;C:\Ruby31\bin;C:\Ruby31\msys32\mingw32\bin;C:\Ruby31\msys32\usr\bin;c:\program files\imagemagick-7.1.0-q16-hdri;c:\program files\nvidia gpu computing toolkit\cuda\v11.3\bin;c:\program files\nvidia gpu computing toolkit\cuda\v11.3\libnvvp;c:\program files\common files\oracle\java\javapath;c:\windows\system32;c:\windows;c:\windows\system32\wbem;c:\windows\system32\windowspowershell\v1.0\;c:\windows\system32\openssh\;c:\program files\bandizip\;c:\program files\git\cmd;c:\program files\nvidia corporation\nsight compute 2021.1.0\;c:\program files\matlab\r2022a\runtime\win64;c:\program files\matlab\r2022a\bin;c:\program files (x86)\gs\gs9.56.1\bin;c:\program files\dotnet\;c:\program files\mingw64\bin;c:\users\pyohy\appdata\local\programs\cursor\resources\app\bin;c:\program files\nvidia corporation\nvidia app\nvdlisr;C:\Program Files (x86)\NVIDIA Corporation\PhysX\Common;C:\python;C:\python\Scripts;G:\poppler-24.08.0;G:\poppler-24.08.0\Library\bin;C:\Program Files\Mullvad VPN\resources;C:\WINDOWS\system32;C:\WINDOWS;C:\WINDOWS\System32\Wbem;C:\WINDOWS\System32\WindowsPowerShell\v1.0\;C:\WINDOWS\System32\OpenSSH\;C:\python\Scripts\;C:\python\;C:\Ruby31\bin;C:\Users\pyohy\AppData\Local\Microsoft\WindowsApps;C:\Users\pyohy\AppData\Local\Programs\Microsoft VS Code\bin;C:\texlive\2022\bin\win32;C:\Users\pyohy\.dotnet\tools;C:\Users\pyohy\AppData\Local\Programs\cursor\resources\app\bin;" "gcc -o conftest.exe -IC:/Ruby31/include/ruby-3.1.0/i386-mingw32 -IC:/Ruby31/include/ruby-3.1.0/ruby/backward -IC:/Ruby31/include/ruby-3.1.0 -I. -D__USE_MINGW_ANSI_STDIO=1 -DFD_SETSIZE=2048 -D_WIN32_WINNT=0x0600 -D__MINGW_USE_VC2005_COMPAT -D_FILE_OFFSET_BITS=64  -O3 -fno-fast-math -fstack-protector-strong conftest.c  -L. -LC:/Ruby31/lib -L. -pipe -s -fstack-protector-strong -Wl,--no-as-needed     -lmsvcrt-ruby310  -lshell32 -lws2_32 -liphlpapi -limagehlp -lshlwapi -lbcrypt  "
checked program was:
/* begin */
 1: #include "ruby.h"
 2: 
 3: #include <winsock2.h>
 4: #include <windows.h>
 5: #include <ruby.h>
 6: 
 7: /*top*/
 8: extern int t(void);
 9: int main(int argc, char **argv)
10: {
11:   if (argc > 1000000) {
12:     int (* volatile tp)(void)=(int (*)(void))&t;
13:     printf("%d", (*tp)());
14:   }
15: 
16:   return !!argv[argc];
17: }
18: int t(void) { void ((*volatile p)()); p = (void ((*)()))rb_complex_imag; return !p; }
/* end */

--------------------

have_func: checking for rb_opts_exception_p() in ruby.h... -------------------- yes

PATH=".;C:/Ruby31/lib;C:\Ruby31\bin;C:\Ruby31\msys32\mingw32\bin;C:\Ruby31\msys32\usr\bin;c:\program files\imagemagick-7.1.0-q16-hdri;c:\program files\nvidia gpu computing toolkit\cuda\v11.3\bin;c:\program files\nvidia gpu computing toolkit\cuda\v11.3\libnvvp;c:\program files\common files\oracle\java\javapath;c:\windows\system32;c:\windows;c:\windows\system32\wbem;c:\windows\system32\windowspowershell\v1.0\;c:\windows\system32\openssh\;c:\program files\bandizip\;c:\program files\git\cmd;c:\program files\nvidia corporation\nsight compute 2021.1.0\;c:\program files\matlab\r2022a\runtime\win64;c:\program files\matlab\r2022a\bin;c:\program files (x86)\gs\gs9.56.1\bin;c:\program files\dotnet\;c:\program files\mingw64\bin;c:\users\pyohy\appdata\local\programs\cursor\resources\app\bin;c:\program files\nvidia corporation\nvidia app\nvdlisr;C:\Program Files (x86)\NVIDIA Corporation\PhysX\Common;C:\python;C:\python\Scripts;G:\poppler-24.08.0;G:\poppler-24.08.0\Library\bin;C:\Program Files\Mullvad VPN\resources;C:\WINDOWS\system32;C:\WINDOWS;C:\WINDOWS\System32\Wbem;C:\WINDOWS\System32\WindowsPowerShell\v1.0\;C:\WINDOWS\System32\OpenSSH\;C:\python\Scripts\;C:\python\;C:\Ruby31\bin;C:\Users\pyohy\AppData\Local\Microsoft\WindowsApps;C:\Users\pyohy\AppData\Local\Programs\Microsoft VS Code\bin;C:\texlive\2022\bin\win32;C:\Users\pyohy\.dotnet\tools;C:\Users\pyohy\AppData\Local\Programs\cursor\resources\app\bin;" "gcc -o conftest.exe -IC:/Ruby31/include/ruby-3.1.0/i386-mingw32 -IC:/Ruby31/include/ruby-3.1.0/ruby/backward -IC:/Ruby31/include/ruby-3.1.0 -I. -D__USE_MINGW_ANSI_STDIO=1 -DFD_SETSIZE=2048 -D_WIN32_WINNT=0x0600 -D__MINGW_USE_VC2005_COMPAT -D_FILE_OFFSET_BITS=64  -O3 -fno-fast-math -fstack-protector-strong conftest.c  -L. -LC:/Ruby31/lib -L. -pipe -s -fstack-protector-strong -Wl,--no-as-needed     -lmsvcrt-ruby310  -lshell32 -lws2_32 -liphlpapi -limagehlp -lshlwapi -lbcrypt  "
conftest.c: In function 't':
conftest.c:18:57: error: 'rb_opts_exception_p' undeclared (first use in this function); did you mean 'rb_make_exception'?
   18 | int t(void) { void ((*volatile p)()); p = (void ((*)()))rb_opts_exception_p; return !p; }
      |                                                         ^~~~~~~~~~~~~~~~~~~
      |                                                         rb_make_exception
conftest.c:18:57: note: each undeclared identifier is reported only once for each function it appears in
checked program was:
/* begin */
 1: #include "ruby.h"
 2: 
 3: #include <winsock2.h>
 4: #include <windows.h>
 5: #include <ruby.h>
 6: 
 7: /*top*/
 8: extern int t(void);
 9: int main(int argc, char **argv)
10: {
11:   if (argc > 1000000) {
12:     int (* volatile tp)(void)=(int (*)(void))&t;
13:     printf("%d", (*tp)());
14:   }
15: 
16:   return !!argv[argc];
17: }
18: int t(void) { void ((*volatile p)()); p = (void ((*)()))rb_opts_exception_p; return !p; }
/* end */

PATH=".;C:/Ruby31/lib;C:\Ruby31\bin;C:\Ruby31\msys32\mingw32\bin;C:\Ruby31\msys32\usr\bin;c:\program files\imagemagick-7.1.0-q16-hdri;c:\program files\nvidia gpu computing toolkit\cuda\v11.3\bin;c:\program files\nvidia gpu computing toolkit\cuda\v11.3\libnvvp;c:\program files\common files\oracle\java\javapath;c:\windows\system32;c:\windows;c:\windows\system32\wbem;c:\windows\system32\windowspowershell\v1.0\;c:\windows\system32\openssh\;c:\program files\bandizip\;c:\program files\git\cmd;c:\program files\nvidia corporation\nsight compute 2021.1.0\;c:\program files\matlab\r2022a\runtime\win64;c:\program files\matlab\r2022a\bin;c:\program files (x86)\gs\gs9.56.1\bin;c:\program files\dotnet\;c:\program files\mingw64\bin;c:\users\pyohy\appdata\local\programs\cursor\resources\app\bin;c:\program files\nvidia corporation\nvidia app\nvdlisr;C:\Program Files (x86)\NVIDIA Corporation\PhysX\Common;C:\python;C:\python\Scripts;G:\poppler-24.08.0;G:\poppler-24.08.0\Library\bin;C:\Program Files\Mullvad VPN\resources;C:\WINDOWS\system32;C:\WINDOWS;C:\WINDOWS\System32\Wbem;C:\WINDOWS\System32\WindowsPowerShell\v1.0\;C:\WINDOWS\System32\OpenSSH\;C:\python\Scripts\;C:\python\;C:\Ruby31\bin;C:\Users\pyohy\AppData\Local\Microsoft\WindowsApps;C:\Users\pyohy\AppData\Local\Programs\Microsoft VS Code\bin;C:\texlive\2022\bin\win32;C:\Users\pyohy\.dotnet\tools;C:\Users\pyohy\AppData\Local\Programs\cursor\resources\app\bin;" "gcc -o conftest.exe -IC:/Ruby31/include/ruby-3.1.0/i386-mingw32 -IC:/Ruby31/include/ruby-3.1.0/ruby/backward -IC:/Ruby31/include/ruby-3.1.0 -I. -D__USE_MINGW_ANSI_STDIO=1 -DFD_SETSIZE=2048 -D_WIN32_WINNT=0x0600 -D__MINGW_USE_VC2005_COMPAT -D_FILE_OFFSET_BITS=64  -O3 -fno-fast-math -fstack-protector-strong conftest.c  -L. -LC:/Ruby31/lib -L. -pipe -s -fstack-protector-strong -Wl,--no-as-needed     -lmsvcrt-ruby310  -lshell32 -lws2_32 -liphlpapi -limagehlp -lshlwapi -lbcrypt  "
checked program was:
/* begin */
 1: #include "ruby.h"
 2: 
 3: #include <winsock2.h>
 4: #include <windows.h>
 5: #include <ruby.h>
 6: 
 7: /*top*/
 8: extern int t(void);
 9: int main(int argc, char **argv)
10: {
11:   if (argc > 1000000) {
12:     int (* volatile tp)(void)=(int (*)(void))&t;
13:     printf("%d", (*tp)());
14:   }
15: 
16:   return !!argv[argc];
17: }
18: extern void rb_opts_exception_p();
19: int t(void) { rb_opts_exception_p(); return 0; }
/* end */

--------------------

have_func: checking for rb_category_warn() in ruby.h... -------------------- yes

PATH=".;C:/Ruby31/lib;C:\Ruby31\bin;C:\Ruby31\msys32\mingw32\bin;C:\Ruby31\msys32\usr\bin;c:\program files\imagemagick-7.1.0-q16-hdri;c:\program files\nvidia gpu computing toolkit\cuda\v11.3\bin;c:\program files\nvidia gpu computing toolkit\cuda\v11.3\libnvvp;c:\program files\common files\oracle\java\javapath;c:\windows\system32;c:\windows;c:\windows\system32\wbem;c:\windows\system32\windowspowershell\v1.0\;c:\windows\system32\openssh\;c:\program files\bandizip\;c:\program files\git\cmd;c:\program files\nvidia corporation\nsight compute 2021.1.0\;c:\program files\matlab\r2022a\runtime\win64;c:\program files\matlab\r2022a\bin;c:\program files (x86)\gs\gs9.56.1\bin;c:\program files\dotnet\;c:\program files\mingw64\bin;c:\users\pyohy\appdata\local\programs\cursor\resources\app\bin;c:\program files\nvidia corporation\nvidia app\nvdlisr;C:\Program Files (x86)\NVIDIA Corporation\PhysX\Common;C:\python;C:\python\Scripts;G:\poppler-24.08.0;G:\poppler-24.08.0\Library\bin;C:\Program Files\Mullvad VPN\resources;C:\WINDOWS\system32;C:\WINDOWS;C:\WINDOWS\System32\Wbem;C:\WINDOWS\System32\WindowsPowerShell\v1.0\;C:\WINDOWS\System32\OpenSSH\;C:\python\Scripts\;C:\python\;C:\Ruby31\bin;C:\Users\pyohy\AppData\Local\Microsoft\WindowsApps;C:\Users\pyohy\AppData\Local\Programs\Microsoft VS Code\bin;C:\texlive\2022\bin\win32;C:\Users\pyohy\.dotnet\tools;C:\Users\pyohy\AppData\Local\Programs\cursor\resources\app\bin;" "gcc -o conftest.exe -IC:/Ruby31/include/ruby-3.1.0/i386-mingw32 -IC:/Ruby31/include/ruby-3.1.0/ruby/backward -IC:/Ruby31/include/ruby-3.1.0 -I. -D__USE_MINGW_ANSI_STDIO=1 -DFD_SETSIZE=2048 -D_WIN32_WINNT=0x0600 -D__MINGW_USE_VC2005_COMPAT -D_FILE_OFFSET_BITS=64  -O3 -fno-fast-math -fstack-protector-strong conftest.c  -L. -LC:/Ruby31/lib -L. -pipe -s -fstack-protector-strong -Wl,--no-as-needed     -lmsvcrt-ruby310  -lshell32 -lws2_32 -liphlpapi -limagehlp -lshlwapi -lbcrypt  "
checked program was:
/* begin */
 1: #include "ruby.h"
 2: 
 3: #include <winsock2.h>
 4: #include <windows.h>
 5: #include <ruby.h>
 6: 
 7: /*top*/
 8: extern int t(void);
 9: int main(int argc, char **argv)
10: {
11:   if (argc > 1000000) {
12:     int (* volatile tp)(void)=(int (*)(void))&t;
13:     printf("%d", (*tp)());
14:   }
15: 
16:   return !!argv[argc];
17: }
18: int t(void) { void ((*volatile p)()); p = (void ((*)()))rb_category_warn; return !p; }
/* end */

--------------------

have_const: checking for RB_WARN_CATEGORY_DEPRECATED in ruby.h... -------------------- yes

PATH=".;C:/Ruby31/lib;C:\Ruby31\bin;C:\Ruby31\msys32\mingw32\bin;C:\Ruby31\msys32\usr\bin;c:\program files\imagemagick-7.1.0-q16-hdri;c:\program files\nvidia gpu computing toolkit\cuda\v11.3\bin;c:\program files\nvidia gpu computing toolkit\cuda\v11.3\libnvvp;c:\program files\common files\oracle\java\javapath;c:\windows\system32;c:\windows;c:\windows\system32\wbem;c:\windows\system32\windowspowershell\v1.0\;c:\windows\system32\openssh\;c:\program files\bandizip\;c:\program files\git\cmd;c:\program files\nvidia corporation\nsight compute 2021.1.0\;c:\program files\matlab\r2022a\runtime\win64;c:\program files\matlab\r2022a\bin;c:\program files (x86)\gs\gs9.56.1\bin;c:\program files\dotnet\;c:\program files\mingw64\bin;c:\users\pyohy\appdata\local\programs\cursor\resources\app\bin;c:\program files\nvidia corporation\nvidia app\nvdlisr;C:\Program Files (x86)\NVIDIA Corporation\PhysX\Common;C:\python;C:\python\Scripts;G:\poppler-24.08.0;G:\poppler-24.08.0\Library\bin;C:\Program Files\Mullvad VPN\resources;C:\WINDOWS\system32;C:\WINDOWS;C:\WINDOWS\System32\Wbem;C:\WINDOWS\System32\WindowsPowerShell\v1.0\;C:\WINDOWS\System32\OpenSSH\;C:\python\Scripts\;C:\python\;C:\Ruby31\bin;C:\Users\pyohy\AppData\Local\Microsoft\WindowsApps;C:\Users\pyohy\AppData\Local\Programs\Microsoft VS Code\bin;C:\texlive\2022\bin\win32;C:\Users\pyohy\.dotnet\tools;C:\Users\pyohy\AppData\Local\Programs\cursor\resources\app\bin;" "gcc -IC:/Ruby31/include/ruby-3.1.0/i386-mingw32 -IC:/Ruby31/include/ruby-3.1.0/ruby/backward -IC:/Ruby31/include/ruby-3.1.0 -I. -D__USE_MINGW_ANSI_STDIO=1 -DFD_SETSIZE=2048 -D_WIN32_WINNT=0x0600 -D__MINGW_USE_VC2005_COMPAT -D_FILE_OFFSET_BITS=64  -O3 -fno-fast-math -fstack-protector-strong   -c conftest.c"
checked program was:
/* begin */
1: #include "ruby.h"
2: 
3: #include <winsock2.h>
4: #include <windows.h>
5: #include <ruby.h>
6: 
7: /*top*/
8: typedef int conftest_type;
9: conftest_type conftestval = (int)RB_WARN_CATEGORY_DEPRECATED;
/* end */

--------------------

