have_func: checking for rb_enc_interned_str() in ruby/encoding.h... -------------------- yes

PATH=".;C:/Ruby31/lib;C:\Ruby31\bin;C:\Ruby31\msys32\mingw32\bin;C:\Ruby31\msys32\usr\bin;c:\program files\imagemagick-7.1.0-q16-hdri;c:\program files\nvidia gpu computing toolkit\cuda\v11.3\bin;c:\program files\nvidia gpu computing toolkit\cuda\v11.3\libnvvp;c:\program files\common files\oracle\java\javapath;c:\windows\system32;c:\windows;c:\windows\system32\wbem;c:\windows\system32\windowspowershell\v1.0\;c:\windows\system32\openssh\;c:\program files\bandizip\;c:\program files\git\cmd;c:\program files\nvidia corporation\nsight compute 2021.1.0\;c:\program files\matlab\r2022a\runtime\win64;c:\program files\matlab\r2022a\bin;c:\program files (x86)\gs\gs9.56.1\bin;c:\program files\dotnet\;c:\program files\mingw64\bin;c:\users\pyohy\appdata\local\programs\cursor\resources\app\bin;c:\program files\nvidia corporation\nvidia app\nvdlisr;C:\Program Files (x86)\NVIDIA Corporation\PhysX\Common;C:\python;C:\python\Scripts;G:\poppler-24.08.0;G:\poppler-24.08.0\Library\bin;C:\Program Files\Mullvad VPN\resources;C:\WINDOWS\system32;C:\WINDOWS;C:\WINDOWS\System32\Wbem;C:\WINDOWS\System32\WindowsPowerShell\v1.0\;C:\WINDOWS\System32\OpenSSH\;C:\python\Scripts\;C:\python\;C:\Ruby31\bin;C:\Users\pyohy\AppData\Local\Microsoft\WindowsApps;C:\Users\pyohy\AppData\Local\Programs\Microsoft VS Code\bin;C:\texlive\2022\bin\win32;C:\Users\pyohy\.dotnet\tools;C:\Users\pyohy\AppData\Local\Programs\cursor\resources\app\bin;" "gcc -o conftest.exe -IC:/Ruby31/include/ruby-3.1.0/i386-mingw32 -IC:/Ruby31/include/ruby-3.1.0/ruby/backward -IC:/Ruby31/include/ruby-3.1.0 -I. -D__USE_MINGW_ANSI_STDIO=1 -DFD_SETSIZE=2048 -D_WIN32_WINNT=0x0600 -D__MINGW_USE_VC2005_COMPAT -D_FILE_OFFSET_BITS=64  -O3 -fno-fast-math -fstack-protector-strong conftest.c  -L. -LC:/Ruby31/lib -L. -pipe -s -fstack-protector-strong -Wl,--no-as-needed     -lmsvcrt-ruby310  -lshell32 -lws2_32 -liphlpapi -limagehlp -lshlwapi -lbcrypt  "
checked program was:
/* begin */
1: #include "ruby.h"
2: 
3: #include <winsock2.h>
4: #include <windows.h>
5: int main(int argc, char **argv)
6: {
7:   return !!argv[argc];
8: }
/* end */

PATH=".;C:/Ruby31/lib;C:\Ruby31\bin;C:\Ruby31\msys32\mingw32\bin;C:\Ruby31\msys32\usr\bin;c:\program files\imagemagick-7.1.0-q16-hdri;c:\program files\nvidia gpu computing toolkit\cuda\v11.3\bin;c:\program files\nvidia gpu computing toolkit\cuda\v11.3\libnvvp;c:\program files\common files\oracle\java\javapath;c:\windows\system32;c:\windows;c:\windows\system32\wbem;c:\windows\system32\windowspowershell\v1.0\;c:\windows\system32\openssh\;c:\program files\bandizip\;c:\program files\git\cmd;c:\program files\nvidia corporation\nsight compute 2021.1.0\;c:\program files\matlab\r2022a\runtime\win64;c:\program files\matlab\r2022a\bin;c:\program files (x86)\gs\gs9.56.1\bin;c:\program files\dotnet\;c:\program files\mingw64\bin;c:\users\pyohy\appdata\local\programs\cursor\resources\app\bin;c:\program files\nvidia corporation\nvidia app\nvdlisr;C:\Program Files (x86)\NVIDIA Corporation\PhysX\Common;C:\python;C:\python\Scripts;G:\poppler-24.08.0;G:\poppler-24.08.0\Library\bin;C:\Program Files\Mullvad VPN\resources;C:\WINDOWS\system32;C:\WINDOWS;C:\WINDOWS\System32\Wbem;C:\WINDOWS\System32\WindowsPowerShell\v1.0\;C:\WINDOWS\System32\OpenSSH\;C:\python\Scripts\;C:\python\;C:\Ruby31\bin;C:\Users\pyohy\AppData\Local\Microsoft\WindowsApps;C:\Users\pyohy\AppData\Local\Programs\Microsoft VS Code\bin;C:\texlive\2022\bin\win32;C:\Users\pyohy\.dotnet\tools;C:\Users\pyohy\AppData\Local\Programs\cursor\resources\app\bin;" "gcc -o conftest.exe -IC:/Ruby31/include/ruby-3.1.0/i386-mingw32 -IC:/Ruby31/include/ruby-3.1.0/ruby/backward -IC:/Ruby31/include/ruby-3.1.0 -I. -D__USE_MINGW_ANSI_STDIO=1 -DFD_SETSIZE=2048 -D_WIN32_WINNT=0x0600 -D__MINGW_USE_VC2005_COMPAT -D_FILE_OFFSET_BITS=64  -O3 -fno-fast-math -fstack-protector-strong conftest.c  -L. -LC:/Ruby31/lib -L. -pipe -s -fstack-protector-strong -Wl,--no-as-needed     -lmsvcrt-ruby310  -lshell32 -lws2_32 -liphlpapi -limagehlp -lshlwapi -lbcrypt  "
checked program was:
/* begin */
 1: #include "ruby.h"
 2: 
 3: #include <winsock2.h>
 4: #include <windows.h>
 5: #include <ruby/encoding.h>
 6: 
 7: /*top*/
 8: extern int t(void);
 9: int main(int argc, char **argv)
10: {
11:   if (argc > 1000000) {
12:     int (* volatile tp)(void)=(int (*)(void))&t;
13:     printf("%d", (*tp)());
14:   }
15: 
16:   return !!argv[argc];
17: }
18: int t(void) { void ((*volatile p)()); p = (void ((*)()))rb_enc_interned_str; return !p; }
/* end */

--------------------

have_func: checking for rb_hash_new_capa() in ruby.h... -------------------- no

PATH=".;C:/Ruby31/lib;C:\Ruby31\bin;C:\Ruby31\msys32\mingw32\bin;C:\Ruby31\msys32\usr\bin;c:\program files\imagemagick-7.1.0-q16-hdri;c:\program files\nvidia gpu computing toolkit\cuda\v11.3\bin;c:\program files\nvidia gpu computing toolkit\cuda\v11.3\libnvvp;c:\program files\common files\oracle\java\javapath;c:\windows\system32;c:\windows;c:\windows\system32\wbem;c:\windows\system32\windowspowershell\v1.0\;c:\windows\system32\openssh\;c:\program files\bandizip\;c:\program files\git\cmd;c:\program files\nvidia corporation\nsight compute 2021.1.0\;c:\program files\matlab\r2022a\runtime\win64;c:\program files\matlab\r2022a\bin;c:\program files (x86)\gs\gs9.56.1\bin;c:\program files\dotnet\;c:\program files\mingw64\bin;c:\users\pyohy\appdata\local\programs\cursor\resources\app\bin;c:\program files\nvidia corporation\nvidia app\nvdlisr;C:\Program Files (x86)\NVIDIA Corporation\PhysX\Common;C:\python;C:\python\Scripts;G:\poppler-24.08.0;G:\poppler-24.08.0\Library\bin;C:\Program Files\Mullvad VPN\resources;C:\WINDOWS\system32;C:\WINDOWS;C:\WINDOWS\System32\Wbem;C:\WINDOWS\System32\WindowsPowerShell\v1.0\;C:\WINDOWS\System32\OpenSSH\;C:\python\Scripts\;C:\python\;C:\Ruby31\bin;C:\Users\pyohy\AppData\Local\Microsoft\WindowsApps;C:\Users\pyohy\AppData\Local\Programs\Microsoft VS Code\bin;C:\texlive\2022\bin\win32;C:\Users\pyohy\.dotnet\tools;C:\Users\pyohy\AppData\Local\Programs\cursor\resources\app\bin;" "gcc -o conftest.exe -IC:/Ruby31/include/ruby-3.1.0/i386-mingw32 -IC:/Ruby31/include/ruby-3.1.0/ruby/backward -IC:/Ruby31/include/ruby-3.1.0 -I. -D__USE_MINGW_ANSI_STDIO=1 -DFD_SETSIZE=2048 -D_WIN32_WINNT=0x0600 -D__MINGW_USE_VC2005_COMPAT -D_FILE_OFFSET_BITS=64  -O3 -fno-fast-math -fstack-protector-strong conftest.c  -L. -LC:/Ruby31/lib -L. -pipe -s -fstack-protector-strong -Wl,--no-as-needed     -lmsvcrt-ruby310  -lshell32 -lws2_32 -liphlpapi -limagehlp -lshlwapi -lbcrypt  "
conftest.c: In function 't':
conftest.c:18:57: error: 'rb_hash_new_capa' undeclared (first use in this function); did you mean 'rb_ary_new_capa'?
   18 | int t(void) { void ((*volatile p)()); p = (void ((*)()))rb_hash_new_capa; return !p; }
      |                                                         ^~~~~~~~~~~~~~~~
      |                                                         rb_ary_new_capa
conftest.c:18:57: note: each undeclared identifier is reported only once for each function it appears in
checked program was:
/* begin */
 1: #include "ruby.h"
 2: 
 3: #include <winsock2.h>
 4: #include <windows.h>
 5: #include <ruby.h>
 6: 
 7: /*top*/
 8: extern int t(void);
 9: int main(int argc, char **argv)
10: {
11:   if (argc > 1000000) {
12:     int (* volatile tp)(void)=(int (*)(void))&t;
13:     printf("%d", (*tp)());
14:   }
15: 
16:   return !!argv[argc];
17: }
18: int t(void) { void ((*volatile p)()); p = (void ((*)()))rb_hash_new_capa; return !p; }
/* end */

PATH=".;C:/Ruby31/lib;C:\Ruby31\bin;C:\Ruby31\msys32\mingw32\bin;C:\Ruby31\msys32\usr\bin;c:\program files\imagemagick-7.1.0-q16-hdri;c:\program files\nvidia gpu computing toolkit\cuda\v11.3\bin;c:\program files\nvidia gpu computing toolkit\cuda\v11.3\libnvvp;c:\program files\common files\oracle\java\javapath;c:\windows\system32;c:\windows;c:\windows\system32\wbem;c:\windows\system32\windowspowershell\v1.0\;c:\windows\system32\openssh\;c:\program files\bandizip\;c:\program files\git\cmd;c:\program files\nvidia corporation\nsight compute 2021.1.0\;c:\program files\matlab\r2022a\runtime\win64;c:\program files\matlab\r2022a\bin;c:\program files (x86)\gs\gs9.56.1\bin;c:\program files\dotnet\;c:\program files\mingw64\bin;c:\users\pyohy\appdata\local\programs\cursor\resources\app\bin;c:\program files\nvidia corporation\nvidia app\nvdlisr;C:\Program Files (x86)\NVIDIA Corporation\PhysX\Common;C:\python;C:\python\Scripts;G:\poppler-24.08.0;G:\poppler-24.08.0\Library\bin;C:\Program Files\Mullvad VPN\resources;C:\WINDOWS\system32;C:\WINDOWS;C:\WINDOWS\System32\Wbem;C:\WINDOWS\System32\WindowsPowerShell\v1.0\;C:\WINDOWS\System32\OpenSSH\;C:\python\Scripts\;C:\python\;C:\Ruby31\bin;C:\Users\pyohy\AppData\Local\Microsoft\WindowsApps;C:\Users\pyohy\AppData\Local\Programs\Microsoft VS Code\bin;C:\texlive\2022\bin\win32;C:\Users\pyohy\.dotnet\tools;C:\Users\pyohy\AppData\Local\Programs\cursor\resources\app\bin;" "gcc -o conftest.exe -IC:/Ruby31/include/ruby-3.1.0/i386-mingw32 -IC:/Ruby31/include/ruby-3.1.0/ruby/backward -IC:/Ruby31/include/ruby-3.1.0 -I. -D__USE_MINGW_ANSI_STDIO=1 -DFD_SETSIZE=2048 -D_WIN32_WINNT=0x0600 -D__MINGW_USE_VC2005_COMPAT -D_FILE_OFFSET_BITS=64  -O3 -fno-fast-math -fstack-protector-strong conftest.c  -L. -LC:/Ruby31/lib -L. -pipe -s -fstack-protector-strong -Wl,--no-as-needed     -lmsvcrt-ruby310  -lshell32 -lws2_32 -liphlpapi -limagehlp -lshlwapi -lbcrypt  "
C:/Ruby31/msys32/mingw32/bin/../lib/gcc/i686-w64-mingw32/12.1.0/../../../../i686-w64-mingw32/bin/ld.exe: C:\Users\pyohy\AppData\Local\Temp\ccPWxwLk.o:conftest.c:(.text+0x4): undefined reference to `rb_hash_new_capa'
collect2.exe: error: ld returned 1 exit status
checked program was:
/* begin */
 1: #include "ruby.h"
 2: 
 3: #include <winsock2.h>
 4: #include <windows.h>
 5: #include <ruby.h>
 6: 
 7: /*top*/
 8: extern int t(void);
 9: int main(int argc, char **argv)
10: {
11:   if (argc > 1000000) {
12:     int (* volatile tp)(void)=(int (*)(void))&t;
13:     printf("%d", (*tp)());
14:   }
15: 
16:   return !!argv[argc];
17: }
18: extern void rb_hash_new_capa();
19: int t(void) { rb_hash_new_capa(); return 0; }
/* end */

--------------------

have_func: checking for rb_hash_bulk_insert() in ruby.h... -------------------- yes

PATH=".;C:/Ruby31/lib;C:\Ruby31\bin;C:\Ruby31\msys32\mingw32\bin;C:\Ruby31\msys32\usr\bin;c:\program files\imagemagick-7.1.0-q16-hdri;c:\program files\nvidia gpu computing toolkit\cuda\v11.3\bin;c:\program files\nvidia gpu computing toolkit\cuda\v11.3\libnvvp;c:\program files\common files\oracle\java\javapath;c:\windows\system32;c:\windows;c:\windows\system32\wbem;c:\windows\system32\windowspowershell\v1.0\;c:\windows\system32\openssh\;c:\program files\bandizip\;c:\program files\git\cmd;c:\program files\nvidia corporation\nsight compute 2021.1.0\;c:\program files\matlab\r2022a\runtime\win64;c:\program files\matlab\r2022a\bin;c:\program files (x86)\gs\gs9.56.1\bin;c:\program files\dotnet\;c:\program files\mingw64\bin;c:\users\pyohy\appdata\local\programs\cursor\resources\app\bin;c:\program files\nvidia corporation\nvidia app\nvdlisr;C:\Program Files (x86)\NVIDIA Corporation\PhysX\Common;C:\python;C:\python\Scripts;G:\poppler-24.08.0;G:\poppler-24.08.0\Library\bin;C:\Program Files\Mullvad VPN\resources;C:\WINDOWS\system32;C:\WINDOWS;C:\WINDOWS\System32\Wbem;C:\WINDOWS\System32\WindowsPowerShell\v1.0\;C:\WINDOWS\System32\OpenSSH\;C:\python\Scripts\;C:\python\;C:\Ruby31\bin;C:\Users\pyohy\AppData\Local\Microsoft\WindowsApps;C:\Users\pyohy\AppData\Local\Programs\Microsoft VS Code\bin;C:\texlive\2022\bin\win32;C:\Users\pyohy\.dotnet\tools;C:\Users\pyohy\AppData\Local\Programs\cursor\resources\app\bin;" "gcc -o conftest.exe -IC:/Ruby31/include/ruby-3.1.0/i386-mingw32 -IC:/Ruby31/include/ruby-3.1.0/ruby/backward -IC:/Ruby31/include/ruby-3.1.0 -I. -D__USE_MINGW_ANSI_STDIO=1 -DFD_SETSIZE=2048 -D_WIN32_WINNT=0x0600 -D__MINGW_USE_VC2005_COMPAT -D_FILE_OFFSET_BITS=64  -O3 -fno-fast-math -fstack-protector-strong conftest.c  -L. -LC:/Ruby31/lib -L. -pipe -s -fstack-protector-strong -Wl,--no-as-needed     -lmsvcrt-ruby310  -lshell32 -lws2_32 -liphlpapi -limagehlp -lshlwapi -lbcrypt  "
checked program was:
/* begin */
 1: #include "ruby.h"
 2: 
 3: #include <winsock2.h>
 4: #include <windows.h>
 5: #include <ruby.h>
 6: 
 7: /*top*/
 8: extern int t(void);
 9: int main(int argc, char **argv)
10: {
11:   if (argc > 1000000) {
12:     int (* volatile tp)(void)=(int (*)(void))&t;
13:     printf("%d", (*tp)());
14:   }
15: 
16:   return !!argv[argc];
17: }
18: int t(void) { void ((*volatile p)()); p = (void ((*)()))rb_hash_bulk_insert; return !p; }
/* end */

--------------------

have_func: checking for strnlen() in string.h... -------------------- yes

PATH=".;C:/Ruby31/lib;C:\Ruby31\bin;C:\Ruby31\msys32\mingw32\bin;C:\Ruby31\msys32\usr\bin;c:\program files\imagemagick-7.1.0-q16-hdri;c:\program files\nvidia gpu computing toolkit\cuda\v11.3\bin;c:\program files\nvidia gpu computing toolkit\cuda\v11.3\libnvvp;c:\program files\common files\oracle\java\javapath;c:\windows\system32;c:\windows;c:\windows\system32\wbem;c:\windows\system32\windowspowershell\v1.0\;c:\windows\system32\openssh\;c:\program files\bandizip\;c:\program files\git\cmd;c:\program files\nvidia corporation\nsight compute 2021.1.0\;c:\program files\matlab\r2022a\runtime\win64;c:\program files\matlab\r2022a\bin;c:\program files (x86)\gs\gs9.56.1\bin;c:\program files\dotnet\;c:\program files\mingw64\bin;c:\users\pyohy\appdata\local\programs\cursor\resources\app\bin;c:\program files\nvidia corporation\nvidia app\nvdlisr;C:\Program Files (x86)\NVIDIA Corporation\PhysX\Common;C:\python;C:\python\Scripts;G:\poppler-24.08.0;G:\poppler-24.08.0\Library\bin;C:\Program Files\Mullvad VPN\resources;C:\WINDOWS\system32;C:\WINDOWS;C:\WINDOWS\System32\Wbem;C:\WINDOWS\System32\WindowsPowerShell\v1.0\;C:\WINDOWS\System32\OpenSSH\;C:\python\Scripts\;C:\python\;C:\Ruby31\bin;C:\Users\pyohy\AppData\Local\Microsoft\WindowsApps;C:\Users\pyohy\AppData\Local\Programs\Microsoft VS Code\bin;C:\texlive\2022\bin\win32;C:\Users\pyohy\.dotnet\tools;C:\Users\pyohy\AppData\Local\Programs\cursor\resources\app\bin;" "gcc -o conftest.exe -IC:/Ruby31/include/ruby-3.1.0/i386-mingw32 -IC:/Ruby31/include/ruby-3.1.0/ruby/backward -IC:/Ruby31/include/ruby-3.1.0 -I. -D__USE_MINGW_ANSI_STDIO=1 -DFD_SETSIZE=2048 -D_WIN32_WINNT=0x0600 -D__MINGW_USE_VC2005_COMPAT -D_FILE_OFFSET_BITS=64  -O3 -fno-fast-math -fstack-protector-strong conftest.c  -L. -LC:/Ruby31/lib -L. -pipe -s -fstack-protector-strong -Wl,--no-as-needed     -lmsvcrt-ruby310  -lshell32 -lws2_32 -liphlpapi -limagehlp -lshlwapi -lbcrypt  "
checked program was:
/* begin */
 1: #include "ruby.h"
 2: 
 3: #include <winsock2.h>
 4: #include <windows.h>
 5: #include <string.h>
 6: 
 7: /*top*/
 8: extern int t(void);
 9: int main(int argc, char **argv)
10: {
11:   if (argc > 1000000) {
12:     int (* volatile tp)(void)=(int (*)(void))&t;
13:     printf("%d", (*tp)());
14:   }
15: 
16:   return !!argv[argc];
17: }
18: int t(void) { void ((*volatile p)()); p = (void ((*)()))strnlen; return !p; }
/* end */

--------------------

block in append_cflags: checking for whether -std=c99 is accepted as CFLAGS... -------------------- yes

PATH=".;C:/Ruby31/lib;C:\Ruby31\bin;C:\Ruby31\msys32\mingw32\bin;C:\Ruby31\msys32\usr\bin;c:\program files\imagemagick-7.1.0-q16-hdri;c:\program files\nvidia gpu computing toolkit\cuda\v11.3\bin;c:\program files\nvidia gpu computing toolkit\cuda\v11.3\libnvvp;c:\program files\common files\oracle\java\javapath;c:\windows\system32;c:\windows;c:\windows\system32\wbem;c:\windows\system32\windowspowershell\v1.0\;c:\windows\system32\openssh\;c:\program files\bandizip\;c:\program files\git\cmd;c:\program files\nvidia corporation\nsight compute 2021.1.0\;c:\program files\matlab\r2022a\runtime\win64;c:\program files\matlab\r2022a\bin;c:\program files (x86)\gs\gs9.56.1\bin;c:\program files\dotnet\;c:\program files\mingw64\bin;c:\users\pyohy\appdata\local\programs\cursor\resources\app\bin;c:\program files\nvidia corporation\nvidia app\nvdlisr;C:\Program Files (x86)\NVIDIA Corporation\PhysX\Common;C:\python;C:\python\Scripts;G:\poppler-24.08.0;G:\poppler-24.08.0\Library\bin;C:\Program Files\Mullvad VPN\resources;C:\WINDOWS\system32;C:\WINDOWS;C:\WINDOWS\System32\Wbem;C:\WINDOWS\System32\WindowsPowerShell\v1.0\;C:\WINDOWS\System32\OpenSSH\;C:\python\Scripts\;C:\python\;C:\Ruby31\bin;C:\Users\pyohy\AppData\Local\Microsoft\WindowsApps;C:\Users\pyohy\AppData\Local\Programs\Microsoft VS Code\bin;C:\texlive\2022\bin\win32;C:\Users\pyohy\.dotnet\tools;C:\Users\pyohy\AppData\Local\Programs\cursor\resources\app\bin;" "gcc -IC:/Ruby31/include/ruby-3.1.0/i386-mingw32 -IC:/Ruby31/include/ruby-3.1.0/ruby/backward -IC:/Ruby31/include/ruby-3.1.0 -I. -D__USE_MINGW_ANSI_STDIO=1 -DFD_SETSIZE=2048 -D_WIN32_WINNT=0x0600 -D__MINGW_USE_VC2005_COMPAT -D_FILE_OFFSET_BITS=64  -O3 -fno-fast-math -fstack-protector-strong  -std=c99 -Werror -c conftest.c"
checked program was:
/* begin */
1: #include "ruby.h"
2: 
3: #include <winsock2.h>
4: #include <windows.h>
5: int main(int argc, char **argv)
6: {
7:   return !!argv[argc];
8: }
/* end */

--------------------

have_header: checking for cpuid.h... -------------------- yes

PATH=".;C:/Ruby31/lib;C:\Ruby31\bin;C:\Ruby31\msys32\mingw32\bin;C:\Ruby31\msys32\usr\bin;c:\program files\imagemagick-7.1.0-q16-hdri;c:\program files\nvidia gpu computing toolkit\cuda\v11.3\bin;c:\program files\nvidia gpu computing toolkit\cuda\v11.3\libnvvp;c:\program files\common files\oracle\java\javapath;c:\windows\system32;c:\windows;c:\windows\system32\wbem;c:\windows\system32\windowspowershell\v1.0\;c:\windows\system32\openssh\;c:\program files\bandizip\;c:\program files\git\cmd;c:\program files\nvidia corporation\nsight compute 2021.1.0\;c:\program files\matlab\r2022a\runtime\win64;c:\program files\matlab\r2022a\bin;c:\program files (x86)\gs\gs9.56.1\bin;c:\program files\dotnet\;c:\program files\mingw64\bin;c:\users\pyohy\appdata\local\programs\cursor\resources\app\bin;c:\program files\nvidia corporation\nvidia app\nvdlisr;C:\Program Files (x86)\NVIDIA Corporation\PhysX\Common;C:\python;C:\python\Scripts;G:\poppler-24.08.0;G:\poppler-24.08.0\Library\bin;C:\Program Files\Mullvad VPN\resources;C:\WINDOWS\system32;C:\WINDOWS;C:\WINDOWS\System32\Wbem;C:\WINDOWS\System32\WindowsPowerShell\v1.0\;C:\WINDOWS\System32\OpenSSH\;C:\python\Scripts\;C:\python\;C:\Ruby31\bin;C:\Users\pyohy\AppData\Local\Microsoft\WindowsApps;C:\Users\pyohy\AppData\Local\Programs\Microsoft VS Code\bin;C:\texlive\2022\bin\win32;C:\Users\pyohy\.dotnet\tools;C:\Users\pyohy\AppData\Local\Programs\cursor\resources\app\bin;" "gcc -IC:/Ruby31/include/ruby-3.1.0/i386-mingw32 -IC:/Ruby31/include/ruby-3.1.0/ruby/backward -IC:/Ruby31/include/ruby-3.1.0 -I. -D__USE_MINGW_ANSI_STDIO=1 -DFD_SETSIZE=2048 -D_WIN32_WINNT=0x0600 -D__MINGW_USE_VC2005_COMPAT -D_FILE_OFFSET_BITS=64  -O3 -fno-fast-math -fstack-protector-strong -std=c99   -c conftest.c"
checked program was:
/* begin */
1: #include "ruby.h"
2: 
3: #include <winsock2.h>
4: #include <windows.h>
5: #include <cpuid.h>
/* end */

--------------------

